Archive member included because of file (symbol)

../../prjgcc/MUXlab4/lib\libMUXlab4p.a(ADC_HAL.MUXLAB4p.o)
                              ./obj/MainTask.o (ANA_IN_ReadValue)
../../prjgcc/MUXlab4/lib\libMUXlab4p.a(CAN_HAL.MUXLAB4p.o)
                              ./obj/CAN_INIT.o (CAN_SelectResistor)
../../prjgcc/MUXlab4/lib\libMUXlab4p.a(CAN_J1939.MUXLAB4p.o)
                              ./obj/CAN_INIT.o (INIT_J1939_TP)
../../prjgcc/MUXlab4/lib\libMUXlab4p.a(CCP_HAL.MUXLAB4p.o)
                              ./obj/CAN_INIT.o (CCP_Init)
../../prjgcc/MUXlab4/lib\libMUXlab4p.a(DAC_HAL.MUXLAB4p.o)
                              ./obj/MainTask.o (setAnaOutputVoltage)
../../prjgcc/MUXlab4/lib\libMUXlab4p.a(eTPU_HAL.MUXLAB4p.o)
                              ./obj/MainTask.o (eTPU_Configure10KFreqInputPPA)
../../prjgcc/MUXlab4/lib\libMUXlab4p.a(GPIO_HAL.MUXLAB4p.o)
                              ./obj/APP_Tasks.o (applyDigitalInputsCfg)
../../prjgcc/MUXlab4/lib\libMUXlab4p.a(libMUXlab4.MUXLAB4p.o)
                              ./obj/main.o (LIB_Init)
../../prjgcc/MUXlab4/lib\libMUXlab4p.a(LIN_HAL.MUXLAB4p.o)
                              ../../prjgcc/MUXlab4/lib\libMUXlab4p.a(libMUXlab4.MUXLAB4p.o) (LinIf_LibInit)
../../prjgcc/MUXlab4/lib\libMUXlab4p.a(wakeup_HAL.MUXLAB4p.o)
                              ./obj/APP_Tasks.o (WKUP_Verify)
../../prjgcc/MUXlab4/lib\libMUXlab4p.a(LIN.MUXLAB4p.o)
                              ../../prjgcc/MUXlab4/lib\libMUXlab4p.a(libMUXlab4.MUXLAB4p.o) (LIN_EnableTransceivers)
../../prjgcc/MUXlab4/lib\libMUXlab4p.a(OS_Core.MUXLAB4p.o)
                              ../../prjgcc/MUXlab4/lib\libMUXlab4p.a(GPIO_HAL.MUXLAB4p.o) (u32TickTimer)
../../prjgcc/MUXlab4/lib\libMUXlab4p.a(OS_TimeBase.MUXLAB4p.o)
                              ../../prjgcc/MUXlab4/lib\libMUXlab4p.a(OS_Core.MUXLAB4p.o) (enableTimeBase)
../../prjgcc/MUXlab4/lib\libMUXlab4p.a(SPI.MUXLAB4p.o)
                              ../../prjgcc/MUXlab4/lib\libMUXlab4p.a(eTPU_HAL.MUXLAB4p.o) (SPI_Init)
../../prjgcc/MUXlab4/lib\libMUXlab4p.a(IRQ.MUXLAB4p.o)
                              ./obj/main.o (IRQ_InitVectors)
../../prjgcc/MUXlab4/lib\libMUXlab4p.a(mpc5500_ccdcfg.MUXLAB4p.o)
                              ./obj/__start.o (cfg_mpc5500ccd)
../../prjgcc/MUXlab4/lib\libMUXlab4p.a(USB.MUXLAB4p.o)
                              ../../prjgcc/MUXlab4/lib\libMUXlab4p.a(OS_Core.MUXLAB4p.o) (u08TxDebugTimeout)
../../prjgcc/MUXlab4/lib\libMUXlab4p.a(handlers.MUXLAB4p.o)
                              ../../prjgcc/MUXlab4/lib\libMUXlab4p.a(IRQ.MUXLAB4p.o) (IVOR4Handler)
../../prjgcc/MUXlab4/lib\libMUXlab4p.a(tb.MUXLAB4p.o)
                              ../../prjgcc/MUXlab4/lib\libMUXlab4p.a(OS_Core.MUXLAB4p.o) (readTimeBase)
../../prjgcc/MUXlab4/lib\libMUXlab4p.a(CCP.MUXLAB4p.o)
                              ../../prjgcc/MUXlab4/lib\libMUXlab4p.a(CCP_HAL.MUXLAB4p.o) (DTO_object)
../../prjgcc/MUXlab4/lib\libMUXlab4p.a(ADC.MUXLAB4p.o)
                              ../../prjgcc/MUXlab4/lib\libMUXlab4p.a(ADC_HAL.MUXLAB4p.o) (ADC_Init)
../../prjgcc/MUXlab4/lib\libMUXlab4p.a(can.MUXLAB4p.o)
                              ../../prjgcc/MUXlab4/lib\libMUXlab4p.a(CAN_HAL.MUXLAB4p.o) (flexCanAddress)
../../prjgcc/MUXlab4/lib\libMUXlab4p.a(fifoCan.MUXLAB4p.o)
                              ../../prjgcc/MUXlab4/lib\libMUXlab4p.a(can.MUXLAB4p.o) (FIFO_CAN_Init)
../../prjgcc/MUXlab4/lib\libMUXlab4p.a(EMIOS.MUXLAB4p.o)
                              ../../prjgcc/MUXlab4/lib\libMUXlab4p.a(libMUXlab4.MUXLAB4p.o) (EMIOS_Init)
../../prjgcc/MUXlab4/lib\libMUXlab4p.a(etpu_util.MUXLAB4p.o)
                              ../../prjgcc/MUXlab4/lib\libMUXlab4p.a(eTPU_HAL.MUXLAB4p.o) (fs_etpu_init)
../../prjgcc/MUXlab4/lib\libMUXlab4p.a(etpu_fpm.MUXLAB4p.o)
                              ../../prjgcc/MUXlab4/lib\libMUXlab4p.a(eTPU_HAL.MUXLAB4p.o) (fs_etpu_fpm_init)
../../prjgcc/MUXlab4/lib\libMUXlab4p.a(etpu_pwm.MUXLAB4p.o)
                              ../../prjgcc/MUXlab4/lib\libMUXlab4p.a(eTPU_HAL.MUXLAB4p.o) (fs_etpu_pwm_init)
../../prjgcc/MUXlab4/lib\libMUXlab4p.a(etpu_ppa.MUXLAB4p.o)
                              ../../prjgcc/MUXlab4/lib\libMUXlab4p.a(eTPU_HAL.MUXLAB4p.o) (fs_etpu_ppa_init)
../../prjgcc/MUXlab4/lib\libMUXlab4p.a(flash.MUXLAB4p.o)
                              ../../prjgcc/MUXlab4/lib\libMUXlab4p.a(USB.MUXLAB4p.o) (FLASH_Unlock)
../../prjgcc/MUXlab4/lib\libMUXlab4p.a(GPIO.MUXLAB4p.o)
                              ../../prjgcc/MUXlab4/lib\libMUXlab4p.a(eTPU_HAL.MUXLAB4p.o) (GPIO_InitInputPin)
../../prjgcc/MUXlab4/lib\libMUXlab4p.a(IntcIsrVectors.MUXLAB4p.o)
                              ../../prjgcc/MUXlab4/lib\libMUXlab4p.a(IRQ.MUXLAB4p.o) (IntcIsrVectorTable)
../../prjgcc/MUXlab4/lib\libMUXlab4p.a(GasSensor.MUXLAB4p.o)
                              ../../prjgcc/MUXlab4/lib\libMUXlab4p.a(IntcIsrVectors.MUXLAB4p.o) (GAS_TimerIRQ)
../../prjgcc/MUXlab4/lib\libMUXlab4p.a(SoftSPI.MUXLAB4p.o)
[...]
Memory Configuration

Name             Origin             Length             Attributes
flash_rcw        0x00030000         0x00000008
int_flash        0x00032000         0x001ce000
saved_ram_user   0x20000000         0x0001f000
saved_ram_lib    0x2001f000         0x00001000
external_ram     0x3ff00000         0x00100000
int_sram         0x40000000         0x00014000
*default*        0x00000000         0xffffffff

Linker script and memory map

START GROUP
LOAD C:/Program Files (x86)/Nsi/powerpc-eabispe/bin/../lib/gcc/powerpc-eabispe/3.4.4/../../../../powerpc-eabispe/lib\libc.a
LOAD C:/Program Files (x86)/Nsi/powerpc-eabispe/bin/../lib/gcc/powerpc-eabispe/3.4.4/../../../../powerpc-eabispe/lib\libnosys.a
END GROUP
                0x20001000                SAVED_RAM_START = 0x20001000
                0x40081000                __SP_INIT = 0x40081000
                0x40080000                __SP_END = 0x40080000
                0x00001000                __STACK_SIZE = 0x1000

.rcw            0x00030000        0x8
 *(.rcw)
 .rcw           0x00030000        0x8 ./obj/mpc5500_asmcfg.o

.interp
 *(.interp)

.hash
 *(.hash)

.dynsym
 *(.dynsym)

.dynstr
 *(.dynstr)

.init           0x00032000      0x450
                0x00032000                PROVIDE (__init, .)
 *(.init)
 .init          0x00032000       0x48 ./obj/__start.o
                0x00032000                __start
 .init          0x00032048      0x408 ./obj/mpc5500_asmcfg.o
                0x00032160                cfg_FLASH
                0x0003213c                cfg_SRAM
                0x000322b8                cfg_MMU
                0x00032254                cfg_BSS
                0x000321bc                cfg_STACK
                0x00032240                cfg_PNTRS
                0x00032048                cfg_CACHE
                0x00032084                cfg_FMPLL
                0x00032280                cfg_ROMCPY

.text           0x00032450    0x16050
 *(.text)
 .text          0x00032450       0x70 ./obj/CAN_INIT.o
                0x00032450                INIT_CAN
 .text          0x000324c0       0x80 ./obj/CRCJ1850.o
                0x000324c0                CalcCrcJ1850
 .text          0x00032540      0x9b4 ./obj/DiagnosticsCAN.o
                0x00032544                DiagnosticsCAN_Start
                0x00032acc                DiagnosticsCAN
                0x00032540                DiagnosticsCAN_Init
 .text          0x00032ef4        0x4 ./obj/FlashData.o
                0x00032ef4                FlashData_Init
 .text          0x00032ef8        0xc ./obj/LIN_INIT.o
                0x00032ef8                INIT_LIN
 .text          0x00032f04     0x2cf0 ./obj/MainTask.o
                0x00032f04                rt_roundd_snf
                0x00035b78                MainTask_Update
                0x00033028                MainTask_Init
                0x00033128                MainTask_Start
                0x00033b08                MainTask
 .text          0x00035bf4      0x96c ./obj/TBRe_Mod.o
                0x00035ed0                MdlOutputs
                0x00035cc4                look1_iu16tdIu16_binlca
                0x00036318                MdlInitializeSampleTimes
                0x00036320                MdlStart
                0x00035bf4                look1_iu8lu16n16ts16Ds_FbqVATJM
                0x00035f3c                MdlUpdate
                0x00036314                MdlInitializeSizes
                0x0003631c                MdlInitialize
                0x00036350                TBRe_Mod
                0x0003634c                MdlTerminate
 .text          0x00036560       0x34 ./obj/main.o
                0x00036560                main
 .text          0x00036594       0xe0 ./obj/rtGetInf.o
                0x0003659c                rtGetInf
                0x0003660c                rtGetMinusInf
                0x00036604                rtGetMinusInfF
                0x00036594                rtGetInfF
 .text          0x00036674       0xbc ./obj/rtGetNaN.o
                0x00036674                rtGetNaNF
                0x000366c4                rtGetNaN
 .text          0x00036730      0x180 ./obj/rt_nonfinite.o
                0x0003689c                rtIsNaNF
                0x00036834                rtIsInfF
                0x000367ac                rtIsInf
                0x00036864                rtIsNaN
                0x00036730                rt_InitInfAndNaN
 .text          0x000368b0       0x20 ./obj/APP_DiagnosticsCAN.o
                0x000368b0                APP_DiagnosticsCAN
 .text          0x000368d0       0x24 ./obj/APP_MainTask.o
                0x000368d0                APP_MainTask
 .text          0x000368f4       0xe8 ./obj/APP_Tasks.o
                0x000368f4                APP_InitApp
 .text          0x000369dc      0x14c ../../prjgcc/MUXlab4/lib\libMUXlab4p.a(ADC_HAL.MUXLAB4p.o)
                0x00036a6c                ANA_IN_ReadAnaOutFeedback
                0x00036a04                ANA_IN_ReadValue
                0x00036ad8                ANA_IN_ReadVBatt
                0x000369dc                ANA_IN_Init
 .text          0x00036b28      0xf10 ../../prjgcc/MUXlab4/lib\libMUXlab4p.a(CAN_HAL.MUXLAB4p.o)
                0x0003731c                CAN_EnableRxFrame
                0x00036b28                CAN_LibInit
                0x00036e3c                CAN_InitEx
                0x00036b90                CAN_SelectResistor
                0x00037760                CAN_ReceiveMessageWithCrc
                0x00037288                CAN_InitFrameEx
                0x000370e0                CAN_EnableSmartGateway
                0x0003758c                CAN_Unpack
                0x00037728                CalcCrc
                0x00036cd4                CAN_Init
                0x00037104                CAN_EnableGateway
                0x00036edc                CAN_ChangeBauderate
                0x00037824                CAN_Pack
                0x000371e4                CAN_InitFrame
                0x000376d4                CAN_ReceiveMessage
                0x00037904                CAN_TransmitMessage
                0x00037968                CAN_TransmitMessageWithCrc
                0x00036fc4                CAN_InitGateway
                0x00037344                CAN_InitRxFrameWithMask
                0x00036f48                CAN_InitSmartGateway
                0x000371c4                CAN_GetRXCounters
 .text          0x00037a38     0x12d4 ../../prjgcc/MUXlab4/lib\libMUXlab4p.a(CAN_J1939.MUXLAB4p.o)
                0x00038318                J1939TP_AddRxObj
                0x00037c88                J1939_TransmitBAM
                0x00037a98                Start_transmitTP_PGN
                0x00038964                J1939_TP_RXDT2
                0x0003836c                J1939_TP_RXBAM
                0x00038c10                J1939_ReceiveTP_DT_Timeout
                0x00038be8                CAN_ReceiveLongJ1939Message
                0x00038508                J1939_TP_RXDT
                0x00037db0                J1939_TransmitTP_DT
                0x00037a38                INIT_J1939_TP
                0x00038758                J1939_TP_RXBAM2
                0x000380e4                J1939_InitRxTP
 .text          0x00038d0c      0x170 ../../prjgcc/MUXlab4/lib\libMUXlab4p.a(CCP_HAL.MUXLAB4p.o)
                0x00038d0c                CCP_Init
 .text          0x00038e7c      0x144 ../../prjgcc/MUXlab4/lib\libMUXlab4p.a(DAC_HAL.MUXLAB4p.o)
                0x00038e7c                setAnaOutputVoltage
                0x00038f44                initAnaOutputs
 .text          0x00038fc0      0x40c ../../prjgcc/MUXlab4/lib\libMUXlab4p.a(eTPU_HAL.MUXLAB4p.o)
                0x00039140                eTPU_PWMUpdate
                0x000391d0                eTPU_Configure10KFreqInputPPA
                0x00038fc0                eTPU_Irq
                0x00038fc4                eTPU_Init
                0x0003924c                eTPU_Configure100KFreqInput
                0x000392f8                eTPU_GetInputFreq
 .text          0x000393cc     0x1088 ../../prjgcc/MUXlab4/lib\libMUXlab4p.a(GPIO_HAL.MUXLAB4p.o)
                0x00039fd8                initPowerHold
                0x0003a01c                LED_Blink
                0x000395f4                initDigitalInput
                0x00039838                writeDigitalOutput
                0x00039f88                readDigitalOutputFeedback
                0x00039a24                initDigitalOutput
                0x0003a390                LED_Init
                0x00039528                applyDigitalInputsCfg
                0x00039f5c                readDigitalInput
                0x000393cc                initDigitalInputs
                0x00039d7c                writeDigitalOutputPWM
                0x00039cf0                initDigitalOutputs
 .text          0x0003a454      0x208 ../../prjgcc/MUXlab4/lib\libMUXlab4p.a(libMUXlab4.MUXLAB4p.o)
                0x0003a470                LIB_GetBoardSerialNumber
                0x0003a460                enableWatchDog
                0x0003a454                refreshWatchdog
                0x0003a4ec                LIB_Init
 .text          0x0003a65c      0x598 ../../prjgcc/MUXlab4/lib\libMUXlab4p.a(LIN_HAL.MUXLAB4p.o)
                0x0003a698                LinIf_Init
                0x0003aac4                LinIf_InitScheduleTable
                0x0003a65c                LinIf_LibInit
                0x0003ab98                LinIf_ExtractFrameSignals
                0x0003aa50                LinIf_InitUncondFrame
                0x0003a7d0                LinIf_MainFunction
                0x0003a9ec                LinIf_ScheduleRequest
                0x0003ab28                LinIf_UpdateFrameSignals
 .text          0x0003abf4      0x218 ../../prjgcc/MUXlab4/lib\libMUXlab4p.a(wakeup_HAL.MUXLAB4p.o)
                0x0003ae08                WKUP_Verify
                0x0003abf4                WKUP_GoToSleep
 .text          0x0003ae0c     0x1050 ../../prjgcc/MUXlab4/lib\libMUXlab4p.a(LIN.MUXLAB4p.o)
                0x0003b9c8                LIN_InputCaptureLIN2
                0x0003b238                LIN_ReceptionHandler
                0x0003b178                LIN_SendHeader
                0x0003bb7c                LIN_TimeoutLin1
                0x0003ae0c                LIN_EnableTransceivers
                0x0003b814                LIN_InputCaptureLIN1
                0x0003bd28                LIN_ESCIB_IRQ
                0x0003b0d8                LIN_SendBreak
                0x0003ae40                LIN_Init
                0x0003bbfc                LIN_ESCIA_IRQ
                0x0003b0ac                LIN_SendByte
                0x0003bbbc                LIN_TimeoutLin2
 .text          0x0003be5c      0xad8 ../../prjgcc/MUXlab4/lib\libMUXlab4p.a(OS_Core.MUXLAB4p.o)
                0x0003c714                OS_StartAll
                0x0003c1ac                OS_IsPeriodicTaskActive
                0x0003c354                OS_CreateEventTask
                0x0003c4f0                OS_DequeueEventTask
                0x0003bf08                OS_RemovePeriodicTask
                0x0003c910                OS_TickTimer
                0x0003c2c4                OS_ChangePeriodicTaskPeriod
                0x0003c580                OS_BackgroundTask
                0x0003c5e0                OS_InitOs
                0x0003be5c                OS_InsertPeriodicTask
                0x0003c1e8                OS_ActivatePeriodicTask
                0x0003c8fc                OS_ShutdownOs
                0x0003c17c                OS_CreatePeriodicTask
                0x0003c49c                OS_ActivateEventTask
                0x0003c90c                OS_Finalyse
                0x0003bf6c                OS_CreatePeriodicTaskPrio
                0x0003c460                OS_EnqueueEventTask
 .text          0x0003c934       0x20 ../../prjgcc/MUXlab4/lib\libMUXlab4p.a(OS_TimeBase.MUXLAB4p.o)
                0x0003c934                enableTimeBase
 .text          0x0003c954      0x86c ../../prjgcc/MUXlab4/lib\libMUXlab4p.a(SPI.MUXLAB4p.o)
                0x0003d13c                AD5601_WriteRegister
                0x0003cd88                MAX13036_EnableIRQ
                0x0003cbb8                SPI_ConfigCTAR
                0x0003cf98                MAX13036_IRQ
                0x0003cf30                MAX13036_ReadWrite
                0x0003d178                AD5628_TransmitData
                0x0003d060                MAX13036_ApplyCfg
                0x0003cde4                SPIB_EOQF
                0x0003c954                SPI_Init
 .text          0x0003d1c0       0x48 ../../prjgcc/MUXlab4/lib\libMUXlab4p.a(IRQ.MUXLAB4p.o)
                0x0003d1c0                IRQ_InitVectors
                0x0003d1d8                IRQ_InitINTC
 .text          0x0003d208      0x4a4 ../../prjgcc/MUXlab4/lib\libMUXlab4p.a(mpc5500_ccdcfg.MUXLAB4p.o)
                0x0003d208                cfg_XCLKS
                0x0003d654                cfg_mpc5500ccd
                0x0003d3d8                cfg_PCR
                0x0003d368                cfg_PCR_CTRL
                0x0003d574                cfg_CSn_BR
                0x0003d2ac                cfg_PCR_ADDR
                0x0003d228                cfg_PBRIDGE
                0x0003d680                cfg_EBI_mod
                0x0003d270                cfg_XBAR
                0x0003d5c4                cfg_EBI
                0x0003d2f4                cfg_PCR_DATA
                0x0003d5a4                cfg_CSn_OR
 .text          0x0003d6ac     0x2e90 ../../prjgcc/MUXlab4/lib\libMUXlab4p.a(USB.MUXLAB4p.o)
                0x0003fbf0                USB_MessageReset
                0x0003ed68                USB_MessageGetTaskName
                0x000402a4                USB_MessageGetMacAddr
                0x0003fa0c                USB_MessageBoardState
                0x0003d974                USB_Init
                0x0003fb44                USB_MessageEcho
                0x00040210                USB_MessageSetMacAddr
                0x0003ead4                USB_MessageResetTasksStats
                0x0003d920                USB_FifoSkipData
                0x0003d840                USB_FifoRead
                0x0003d8dc                USB_FifoReadDWord
                0x0003de0c                USB_SendErrorMessage
                0x0003ec2c                USB_MessageGetNumberOfTasks
                0x0003e5d8                USB_TxVariable
                0x0003de50                USB_SendPendingData
                0x0003e34c                USB_MessageRxVariable
                0x0003fef8                USB_MessageReadString
                0x0003d774                USBTrace_ConvertHexToStr
                0x0003d8b0                USB_FifoReadWord
                0x0003d938                USB_FifoClearRX
                0x0003d95c                USB_FifoClearTX
                0x0004017c                USB_MessageGetEthCfg
                0x00040338                USB_ProcessMessage
                0x0003e25c                USB_Read
                0x0003dfcc                USB_ProcessReceivedByte
                0x0003deb8                USB_MessageFlagAppli
                0x000400e8                USB_MessageSetEthCfg
                0x0003d6ac                USBTrace_ConvertIntToStr
                0x0003e870                USB_MessageTxVariableOnRequest
                0x0003ef8c                USB_MessageGetProfilingData
                0x0003fc4c                USB_MessageReadSerialNb
                0x0003d894                USB_FifoReadByte
                0x0003fdc4                USB_MessageReadStandalone
                0x0003e5c0                USB_ToolPresent
                0x0003dad8                USB_StrlLen
                0x0003dd28                USB_SendData
 .text          0x0004053c       0x20 ../../prjgcc/MUXlab4/lib\libMUXlab4p.a(tb.MUXLAB4p.o)
                0x00040554                readTimeBase32
                0x0004053c                readTimeBase
 .text          0x0004055c      0xf00 ../../prjgcc/MUXlab4/lib\libMUXlab4p.a(CCP.MUXLAB4p.o)
                0x00041250                CCP_Command
                0x00040bdc                ccpcommand
                0x00040560                ccpDisableNormalOperation
                0x00040b38                ccpBackground
                0x00040908                ccpDaq
                0x0004062c                ccpSendCrm
                0x00041414                ccp_DAQ_call
                0x0004055c                ccpUserBackground
                0x000406c8                ccpQueueWrite
                0x00040570                ccpSend
                0x000405cc                ccpSendDebug
                0x00040568                ccpGetPointer
                0x00041420                CCP_DAQ_EVENT
                0x000406b0                ccpQueueInit
                0x000413b0                ccpInit
                0x0004129c                ccpSendCallBack
 .text          0x0004145c      0x20c ../../prjgcc/MUXlab4/lib\libMUXlab4p.a(ADC.MUXLAB4p.o)
                0x0004152c                ADC_Init
                0x0004145c                ADC_Calibrate
                0x00041620                ADC_StartConversionPolling
 .text          0x00041668     0x14ac ../../prjgcc/MUXlab4/lib\libMUXlab4p.a(can.MUXLAB4p.o)
                0x000417e8                CAN_InitFlexCANController
                0x00041710                CAN_SetBauderate
                0x000421bc                CAN_InitBufferEth
                0x00042b04                CAN_flexCAN_D_IRQ
                0x00042aec                CAN_flexCAN_A_IRQ
                0x00041d34                CAN_ReleaseMessageBuffer
                0x00042708                CAN_IRQ
                0x00041e9c                CAN_TransmitCanObj
                0x0004245c                CAN_DisableInterrupt
                0x00041d7c                CAN_GetFreeMessageBuffer
                0x00041f44                CAN_UpdateEthCanFrame
                0x00042048                CAN_InitBuffer
                0x00041f4c                CAN_InitRxBufferWithMask
                0x00042af4                CAN_flexCAN_B_IRQ
                0x00042640                CAN_ReadMessageBuffer
                0x00042408                CAN_EnableInterrupt
                0x000426dc                CAN_GetStatusAndErrorCounters
                0x00042b0c                CAN_flexCAN_E_IRQ
                0x00041c34                CAN_InitPin
                0x00041f3c                CAN_TransmitEthCanObj
                0x00042afc                CAN_flexCAN_C_IRQ
                0x00042398                CAN_ActivateRXBuffer
                0x00041668                CAN_EnableTransceivers
 .text          0x00042b14      0x418 ../../prjgcc/MUXlab4/lib\libMUXlab4p.a(fifoCan.MUXLAB4p.o)
                0x00042e90                FIFO_CAN_ReadMessage
                0x00042c28                FIFO_CAN_WriteMessage
                0x00042d7c                FIFO_CAN_TransmitNextMessage
                0x00042b68                FIFO_CAN_TransmitCanObj
                0x00042b14                FIFO_CAN_Init
 .text          0x00042f2c      0x43c ../../prjgcc/MUXlab4/lib\libMUXlab4p.a(EMIOS.MUXLAB4p.o)
                0x00043044                EMIOS_RestartGeneralPurposeTimer
                0x00043294                EMIOS_ConfigInputCaptureTimer
                0x00042f2c                EMIOS_Init
                0x000430c4                EMIOS_ConfigPWMChannel
                0x00043150                EMIOS_UpdatePWM
                0x000431e0                EMIOS_ConfigInputPulseWidthMeasurementTimer
                0x000430a8                EMIOS_StopGeneralPurposeTimer
                0x00042f78                EMIOS_ConfigGeneralPurposeTimer
 .text          0x00043368      0xe1c ../../prjgcc/MUXlab4/lib\libMUXlab4p.a(etpu_util.MUXLAB4p.o)
                0x00043b60                fs_etpu_get_global_24
                0x00043cec                fs_etpu_get_chan_dma_flag
                0x00043b98                fs_etpu_set_interrupt_mask_a
                0x00043c40                fs_etpu_set_output_disable_mask_b
                0x00043d88                fs_etpu_get_idle_cnt_b
                0x0004395c                fs_etpu_set_chan_local_32
                0x000438f4                fs_timer_start
                0x00043af8                fs_etpu_set_global_32
                0x00043aa0                fs_etpu_get_chan_local_16
                0x00043ca8                fs_etpu_get_chan_interrupt_flag
                0x000436e8                fs_etpu_malloc
                0x000439e4                fs_etpu_set_chan_local_8
                0x0004409c                fs_etpu_coherent_write_32
                0x00043db0                fs_etpu_clear_idle_cnt_b
                0x000437cc                fs_etpu_data_ram
                0x00043b1c                fs_etpu_set_global_16
                0x00043d30                fs_etpu_get_global_exceptions
                0x00043b3c                fs_etpu_get_global_32
                0x00043a10                fs_etpu_get_chan_local_32
                0x00043568                fs_etpu2_init
                0x00043a6c                fs_etpu_get_chan_local_24
                0x00043acc                fs_etpu_get_chan_local_8
                0x00043a3c                fs_etpu_get_chan_local_24s
                0x0004390c                fs_etpu_malloc2
                0x00043dc8                fs_etpu_coherent_read_24
                0x00043b08                fs_etpu_set_global_24
                0x00043718                fs_etpu_chan_init
                0x00043ba8                fs_etpu_set_interrupt_mask_b
                0x00043bc8                fs_etpu_set_dma_mask_b
                0x00043b2c                fs_etpu_set_global_8
                0x00043d78                fs_etpu_get_idle_cnt_a
                0x00043cc4                fs_etpu_clear_chan_interrupt_flag
                0x000438b4                fs_etpu_dma_enable
                0x0004380c                fs_etpu_get_hsr
                0x00043d98                fs_etpu_clear_idle_cnt_a
                0x00043b4c                fs_etpu_get_global_24s
                0x00043894                fs_etpu_interrupt_disable
                0x00043d68                fs_etpu_get_global_error
                0x00043ec0                fs_etpu_coherent_read_32
                0x00043d4c                fs_etpu_clear_global_exceptions
                0x00043b88                fs_etpu_get_global_8
                0x00043398                fs_memset32
                0x000439b8                fs_etpu_set_chan_local_16
                0x00043bb8                fs_etpu_set_dma_mask_a
                0x00043368                fs_memcpy32
                0x00043fb4                fs_etpu_coherent_write_24
                0x00043850                fs_etpu_disable
                0x00043870                fs_etpu_interrupt_enable
                0x00043bd8                fs_etpu_set_output_disable_mask_a
                0x00043988                fs_etpu_set_chan_local_24
                0x00043d08                fs_etpu_clear_chan_dma_flag
                0x000437f4                fs_etpu_set_hsr
                0x000433c0                fs_etpu_init
                0x00043b78                fs_etpu_get_global_16
                0x00043828                fs_etpu_enable
                0x000438d4                fs_etpu_dma_disable
 .text          0x00044184      0x250 ../../prjgcc/MUXlab4/lib\libMUXlab4p.a(etpu_fpm.MUXLAB4p.o)
                0x000442d8                fs_etpu_fpm_get_count
                0x00044184                fs_etpu_fpm_init
                0x00044284                fs_etpu_fpm_update_window_size
                0x000442fc                fs_etpu_fpm_get_freq
 .text          0x000443d4      0x2d8 ../../prjgcc/MUXlab4/lib\libMUXlab4p.a(etpu_pwm.MUXLAB4p.o)
                0x000445cc                fs_etpu_pwm_update
                0x00044674                fs_etpu_pwm_get_freq
                0x00044510                fs_etpu_pwm_duty
                0x000443d4                fs_etpu_pwm_init
                0x0004455c                fs_etpu_pwm_duty_immed
 .text          0x000446ac      0x190 ../../prjgcc/MUXlab4/lib\libMUXlab4p.a(etpu_ppa.MUXLAB4p.o)
                0x000446ac                fs_etpu_ppa_init
                0x000447b0                fs_etpu_ppa_get_accumulation
                0x000447ec                fs_etpu_ppa_get_immediate
 .text          0x0004483c      0x2c0 ../../prjgcc/MUXlab4/lib\libMUXlab4p.a(flash.MUXLAB4p.o)
                0x0004483c                FLASH_Unlock
                0x000448a0                FLASH_Lock
                0x000448bc                FLASH_EraseBlock
                0x00044994                FLASH_Write
 .text          0x00044afc       0x34 ../../prjgcc/MUXlab4/lib\libMUXlab4p.a(GPIO.MUXLAB4p.o)
                0x00044afc                GPIO_InitInputPin
                0x00044b18                GPIO_InitOutputPin
 .text          0x00044b30        0x4 ../../prjgcc/MUXlab4/lib\libMUXlab4p.a(IntcIsrVectors.MUXLAB4p.o)
                0x00044b30                dummy
 .text          0x00044b34      0xc64 ../../prjgcc/MUXlab4/lib\libMUXlab4p.a(GasSensor.MUXLAB4p.o)
                0x00044ba4                GAS_GetLastMeasurementDiagnosis
                0x00045268                GAS_WriteRegisters
                0x00044cac                GAS_EnablePeriodicMeasurement
                0x00044e68                GAS_TimerIRQ
                0x00044fc8                GAS_ReadRegisters
                0x00044b8c                GAS_GetLastHumidMeasurement
                0x00044c00                GAS_Init
                0x00044b80                GAS_GetLastGas2Measurement
                0x00044b98                GAS_GetLastTempMeasurement
                0x00044b34                GAS_SetOnChipHeater
                0x00044b74                GAS_GetLastGas1Measurement
 .text          0x00045798      0x2bc ../../prjgcc/MUXlab4/lib\libMUXlab4p.a(SoftSPI.MUXLAB4p.o)
                0x00045804                SOFT_SPI_Write
                0x000458ec                SOFT_SPI_TimerIRQ
                0x00045798                SOFT_SPI_Init
 .text          0x00045a54      0x1f4 C:/Program Files (x86)/Nsi/powerpc-eabispe/bin/../lib/gcc/powerpc-eabispe/3.4.4/../../../../powerpc-eabispe/lib\libm.a(s_ceil.o)
                0x00045a54                ceil
 .text          0x00045c48      0x20c C:/Program Files (x86)/Nsi/powerpc-eabispe/bin/../lib/gcc/powerpc-eabispe/3.4.4/../../../../powerpc-eabispe/lib\libm.a(s_floor.o)
                0x00045c48                floor
 .text          0x00045e54       0x88 C:/Program Files (x86)/Nsi/powerpc-eabispe/bin/../lib/gcc/powerpc-eabispe/3.4.4\libgcc.a(_fixunsdfsi.o)
                0x00045e54                __fixunsdfsi
 .text          0x00045edc      0x43c C:/Program Files (x86)/Nsi/powerpc-eabispe/bin/../lib/gcc/powerpc-eabispe/3.4.4\libgcc.a(_udivdi3.o)
                0x00045edc                __udivdi3
 .text          0x00046318      0x42c C:/Program Files (x86)/Nsi/powerpc-eabispe/bin/../lib/gcc/powerpc-eabispe/3.4.4\libgcc.a(_umoddi3.o)
                0x00046318                __umoddi3
 .text          0x00046744       0x54 C:/Program Files (x86)/Nsi/powerpc-eabispe/bin/../lib/gcc/powerpc-eabispe/3.4.4\libgcc.a(_sf_to_df.o)
                0x00046744                __extendsfdf2
 .text          0x00046798      0x444 C:/Program Files (x86)/Nsi/powerpc-eabispe/bin/../lib/gcc/powerpc-eabispe/3.4.4\libgcc.a(_addsub_df.o)
                0x00046af0                __adddf3
                0x00046b60                __subdf3
 .text          0x00046bdc      0x490 C:/Program Files (x86)/Nsi/powerpc-eabispe/bin/../lib/gcc/powerpc-eabispe/3.4.4\libgcc.a(_mul_df.o)
                0x00046bdc                __muldf3
 .text          0x0004706c      0x244 C:/Program Files (x86)/Nsi/powerpc-eabispe/bin/../lib/gcc/powerpc-eabispe/3.4.4\libgcc.a(_div_df.o)
                0x0004706c                __divdf3
 .text          0x000472b0       0xa8 C:/Program Files (x86)/Nsi/powerpc-eabispe/bin/../lib/gcc/powerpc-eabispe/3.4.4\libgcc.a(_eq_df.o)
                0x000472b0                __eqdf2
 .text          0x00047358       0xa8 C:/Program Files (x86)/Nsi/powerpc-eabispe/bin/../lib/gcc/powerpc-eabispe/3.4.4\libgcc.a(_ne_df.o)
                0x00047358                __nedf2
 .text          0x00047400       0xa8 C:/Program Files (x86)/Nsi/powerpc-eabispe/bin/../lib/gcc/powerpc-eabispe/3.4.4\libgcc.a(_gt_df.o)
                0x00047400                __gtdf2
 .text          0x000474a8       0xa8 C:/Program Files (x86)/Nsi/powerpc-eabispe/bin/../lib/gcc/powerpc-eabispe/3.4.4\libgcc.a(_ge_df.o)
                0x000474a8                __gedf2
 .text          0x00047550       0xa8 C:/Program Files (x86)/Nsi/powerpc-eabispe/bin/../lib/gcc/powerpc-eabispe/3.4.4\libgcc.a(_lt_df.o)
                0x00047550                __ltdf2
 .text          0x000475f8      0x128 C:/Program Files (x86)/Nsi/powerpc-eabispe/bin/../lib/gcc/powerpc-eabispe/3.4.4\libgcc.a(_si_to_df.o)
                0x000475f8                __floatsidf
 .text          0x00047720       0xac C:/Program Files (x86)/Nsi/powerpc-eabispe/bin/../lib/gcc/powerpc-eabispe/3.4.4\libgcc.a(_df_to_si.o)
                0x00047720                __fixdfsi
 .text          0x000477cc       0x38 C:/Program Files (x86)/Nsi/powerpc-eabispe/bin/../lib/gcc/powerpc-eabispe/3.4.4\libgcc.a(_make_df.o)
                0x000477cc                __make_dp
 .text          0x00047804       0x68 C:/Program Files (x86)/Nsi/powerpc-eabispe/bin/../lib/gcc/powerpc-eabispe/3.4.4\libgcc.a(_df_to_sf.o)
                0x00047804                __truncdfsf2
 .text          0x0004786c       0xb4 C:/Program Files (x86)/Nsi/powerpc-eabispe/bin/../lib/gcc/powerpc-eabispe/3.4.4\libgcc.a(eabi.o)
                0x000478e8                __eabi_uconvert
                0x000478b4                __eabi_convert
 .text          0x00047920       0x50 C:/Program Files (x86)/Nsi/powerpc-eabispe/bin/../lib/gcc/powerpc-eabispe/3.4.4\libgcc.a(_lshrdi3.o)
                0x00047920                __lshrdi3
 .text          0x00047970       0xc8 C:/Program Files (x86)/Nsi/powerpc-eabispe/bin/../lib/gcc/powerpc-eabispe/3.4.4\libgcc.a(_unpack_sf.o)
                0x00047970                __unpack_f
 .text          0x00047a38       0x34 C:/Program Files (x86)/Nsi/powerpc-eabispe/bin/../lib/gcc/powerpc-eabispe/3.4.4\libgcc.a(_make_sf.o)
                0x00047a38                __make_fp
 .text          0x00047a6c      0x248 C:/Program Files (x86)/Nsi/powerpc-eabispe/bin/../lib/gcc/powerpc-eabispe/3.4.4\libgcc.a(_pack_df.o)
                0x00047a6c                __pack_d
 .text          0x00047cb4      0x158 C:/Program Files (x86)/Nsi/powerpc-eabispe/bin/../lib/gcc/powerpc-eabispe/3.4.4\libgcc.a(_unpack_df.o)
                0x00047cb4                __unpack_d
 .text          0x00047e0c      0x15c C:/Program Files (x86)/Nsi/powerpc-eabispe/bin/../lib/gcc/powerpc-eabispe/3.4.4\libgcc.a(_fpcmp_parts_df.o)
                0x00047e0c                __fpcmp_parts_d
 .text          0x00047f68       0x50 C:/Program Files (x86)/Nsi/powerpc-eabispe/bin/../lib/gcc/powerpc-eabispe/3.4.4\libgcc.a(_ashldi3.o)
                0x00047f68                __ashldi3
 .text          0x00047fb8      0x13c C:/Program Files (x86)/Nsi/powerpc-eabispe/bin/../lib/gcc/powerpc-eabispe/3.4.4\libgcc.a(_pack_sf.o)
                0x00047fb8                __pack_f
 .text          0x000480f4       0xb4 C:/Program Files (x86)/Nsi/powerpc-eabispe/bin/../lib/gcc/powerpc-eabispe/3.4.4/../../../../powerpc-eabispe/lib\libc.a(memcpy.o)
                0x000480f4                memcpy
 .text          0x000481a8       0xac C:/Program Files (x86)/Nsi/powerpc-eabispe/bin/../lib/gcc/powerpc-eabispe/3.4.4/../../../../powerpc-eabispe/lib\libc.a(memset.o)
                0x000481a8                memset
 .text          0x00048254       0x68 C:/Program Files (x86)/Nsi/powerpc-eabispe/bin/../lib/gcc/powerpc-eabispe/3.4.4/../../../../powerpc-eabispe/lib\libc.a(strlen.o)
                0x00048254                strlen
 .text          0x000482bc      0x1e0 C:/Program Files (x86)/Nsi/powerpc-eabispe/bin/../lib/gcc/powerpc-eabispe/3.4.4/crtsavres.o
                0x000483b0                _restgpr_18
                0x00048488                _restgpr_31_x
                0x000483d0                _restgpr_26
                0x0004833c                _savegpr_27
                0x000483c8                _restgpr_24
                0x00048468                _restgpr_23_x
                0x00048360                _restfpr_17
                0x000483a4                _restgpr_15
                0x00048418                _restfpr_25_x
                0x00048448                _restgpr_15_x
                0x00048378                _restfpr_23
                0x000483cc                _restgpr_25
                0x00048308                _savegpr_14
                0x000483fc                _restfpr_18_x
                0x000482c4                _savefpr_16
                0x000483e4                _restgpr_31
                0x000483f4                _restfpr_16_x
                0x00048458                _restgpr_19_x
                0x000482d8                _savefpr_21
                0x0004830c                _savegpr_15
                0x00048484                _restgpr_30_x
                0x00048450                _restgpr_17_x
                0x000482f4                _savefpr_28
                0x00048480                _restgpr_29_x
                0x00048388                _restfpr_27
                0x00048420                _restfpr_27_x
                0x00048430                _restfpr_31_x
                0x00048368                _restfpr_19
                0x00048414                _restfpr_24_x
                0x00048340                _savegpr_28
                0x00048338                _savegpr_26
                0x000483a0                _restgpr_14
                0x000482c0                _savefpr_15
                0x000482f0                _savefpr_27
                0x000483f0                _restfpr_15_x
                0x00048358                _restfpr_15
                0x00048410                _restfpr_23_x
                0x000482dc                _savefpr_22
                0x00048370                _restfpr_21
                0x000483ec                _restfpr_14_x
                0x000483bc                _restgpr_21
                0x000482c8                _savefpr_17
                0x00048380                _restfpr_25
                0x00048374                _restfpr_22
                0x00048464                _restgpr_22_x
                0x000482bc                _savefpr_14
                0x00048474                _restgpr_26_x
                0x0004847c                _restgpr_28_x
                0x00048334                _savegpr_25
                0x0004842c                _restfpr_30_x
                0x00048470                _restgpr_25_x
                0x0004846c                _restgpr_24_x
                0x00048324                _savegpr_21
                0x000482d4                _savefpr_20
                0x000483d8                _restgpr_28
                0x00048354                _restfpr_14
                0x000482f8                _savefpr_29
                0x000483b4                _restgpr_19
                0x000483b8                _restgpr_20
                0x00048454                _restgpr_18_x
                0x00048408                _restfpr_21_x
                0x00048300                _savefpr_31
                0x00048320                _savegpr_20
                0x000483dc                _restgpr_29
                0x00048318                _savegpr_18
                0x000482d0                _savefpr_19
                0x0004838c                _restfpr_28
                0x00048384                _restfpr_26
                0x00048314                _savegpr_17
                0x00048424                _restfpr_28_x
                0x0004836c                _restfpr_20
                0x000483f8                _restfpr_17_x
                0x000482fc                _savefpr_30
                0x000482e8                _savefpr_25
                0x0004834c                _savegpr_31
                0x0004832c                _savegpr_23
                0x000482e4                _savefpr_24
                0x00048428                _restfpr_29_x
                0x000482cc                _savefpr_18
                0x00048344                _savegpr_29
                0x00048400                _restfpr_19_x
                0x000483d4                _restgpr_27
                0x000483c0                _restgpr_22
                0x00048330                _savegpr_24
                0x0004841c                _restfpr_26_x
                0x00048364                _restfpr_18
                0x0004831c                _savegpr_19
                0x0004835c                _restfpr_16
                0x00048444                _restgpr_14_x
                0x000482e0                _savefpr_23
                0x00048394                _restfpr_30
                0x00048310                _savegpr_16
                0x00048404                _restfpr_20_x
                0x00048390                _restfpr_29
                0x0004837c                _restfpr_24
                0x00048348                _savegpr_30
                0x00048460                _restgpr_21_x
                0x000483e0                _restgpr_30
                0x0004840c                _restfpr_22_x
                0x0004844c                _restgpr_16_x
                0x00048478                _restgpr_27_x
                0x00048328                _savegpr_22
                0x000483a8                _restgpr_16
                0x000483c4                _restgpr_23
                0x000483ac                _restgpr_17
                0x000482ec                _savefpr_26
                0x0004845c                _restgpr_20_x
                0x00048398                _restfpr_31
 *(.text.*)
 *(.gnu.warning)
 *(.gnu.linkonce.t*)
                0x0004849c                __eabi = .
                0x0004849c        0x4 LONG 0x4e800020

.fini
 *(.fini)

.flash_data     0x000484a0        0xc
 *(.flash_data)
 .flash_data    0x000484a0        0xc ./obj/mpc5500_asmcfg.o
                0x000484a0                cfg_SRAM_LOAD

.rodata         0x000484b0     0x3dd6
 *(.rodata)
 .rodata        0x000484b0      0x100 ./obj/CRCJ1850.o
 .rodata        0x000485b0      0x5f4 ./obj/FlashData.o
                0x000485b0                tab_rx_usb_size
                0x00048a5c                sModelDescription
                0x00048b9c                sModelVersion
                0x00048a44                sModelDate
                0x00048b5c                sModelName
                0x00048b90                sIncrementalVersion
                0x000485b4                tab_rx_usb
 .rodata        0x00048ba4        0x4 ./obj/TBRe_Mod.o
                0x00048ba4                TBRe_Mod_M
 .rodata        0x00048ba8        0xc ./obj/TBRe_Mod_data.o
                0x00048ba8                TBRe_Mod_ConstP
                0x00048bb2                TBRe_Mod_ConstB
 .rodata        0x00048bb4       0x90 ./obj/__start.o
 .rodata        0x00048c44       0x90 ./obj/mpc5500_asmcfg.o
 .rodata        0x00048cd4       0x1c ./obj/APP_Tasks.o
                0x00048ce0                Name_task_DiagnosticsCAN
                0x00048cd4                Name_task_MainTask
 .rodata        0x00048cf0      0x114 ../../prjgcc/MUXlab4/lib\libMUXlab4p.a(CAN_HAL.MUXLAB4p.o)
 .rodata        0x00048e04     0x3008 ../../prjgcc/MUXlab4/lib\libMUXlab4p.a(eTPU_HAL.MUXLAB4p.o)
                0x0004be04                etpu_globals
                0x00048e04                etpu_code
 .rodata        0x0004be0c      0x148 ../../prjgcc/MUXlab4/lib\libMUXlab4p.a(GPIO_HAL.MUXLAB4p.o)
 .rodata        0x0004bf54       0x20 ../../prjgcc/MUXlab4/lib\libMUXlab4p.a(libMUXlab4.MUXLAB4p.o)
                0x0004bf54                sLibraryVers
 .rodata        0x0004bf74       0x64 ../../prjgcc/MUXlab4/lib\libMUXlab4p.a(LIN.MUXLAB4p.o)
                0x0004bf74                emiosInputCaptureChannels
                0x0004bf78                emiosTimeoutChannels
 .rodata        0x0004bfd8       0xbc ../../prjgcc/MUXlab4/lib\libMUXlab4p.a(USB.MUXLAB4p.o)
 .rodata        0x0004c094       0x90 ../../prjgcc/MUXlab4/lib\libMUXlab4p.a(CCP.MUXLAB4p.o)
 .rodata        0x0004c124       0x14 ../../prjgcc/MUXlab4/lib\libMUXlab4p.a(can.MUXLAB4p.o)
 .rodata        0x0004c138       0x78 ../../prjgcc/MUXlab4/lib\libMUXlab4p.a(GasSensor.MUXLAB4p.o)
 .rodata        0x0004c1b0       0x18 C:/Program Files (x86)/Nsi/powerpc-eabispe/bin/../lib/gcc/powerpc-eabispe/3.4.4\libgcc.a(_thenan_df.o)
                0x0004c1b0                __thenan_df
 *(.rodata.*)
 .rodata.str1.4
                0x0004c1c8       0x25 ../../prjgcc/MUXlab4/lib\libMUXlab4p.a(CAN_J1939.MUXLAB4p.o)
                                 0x28 (size before relaxing)
 *fill*         0x0004c1ed        0x3 00
 .rodata.str1.4
                0x0004c1f0       0x1e ../../prjgcc/MUXlab4/lib\libMUXlab4p.a(CCP_HAL.MUXLAB4p.o)
                                 0x20 (size before relaxing)
 *fill*         0x0004c20e        0x2 00
 .rodata.str1.4
                0x0004c210       0x12 ../../prjgcc/MUXlab4/lib\libMUXlab4p.a(LIN_HAL.MUXLAB4p.o)
                                 0x14 (size before relaxing)
 *fill*         0x0004c222        0x2 00
 .rodata.str1.4
                0x0004c224       0x44 ../../prjgcc/MUXlab4/lib\libMUXlab4p.a(OS_Core.MUXLAB4p.o)
 .rodata.str1.4
                0x0004c268       0x1e ../../prjgcc/MUXlab4/lib\libMUXlab4p.a(GasSensor.MUXLAB4p.o)
                                 0x20 (size before relaxing)
 *(.gnu.linkonce.r*)

.rodata1
 *(.rodata1)

.PPC.EMB.apuinfo
                0x0004c286       0x20
 *(.PPC.EMB.apuinfo)
 .PPC.EMB.apuinfo
                0x0004c286       0x18 ./obj/DiagnosticsCAN.o
 .PPC.EMB.apuinfo
                0x0004c29e       0x1c ./obj/MainTask.o
 .PPC.EMB.apuinfo
                0x0004c2ba       0x1c ./obj/rt_nonfinite.o
 .PPC.EMB.apuinfo
                0x0004c2d6       0x18 ./obj/mpc5500_asmcfg.o
 .PPC.EMB.apuinfo
                0x0004c2ee       0x18 ../../prjgcc/MUXlab4/lib\libMUXlab4p.a(CAN_HAL.MUXLAB4p.o)
 .PPC.EMB.apuinfo
                0x0004c306       0x18 ../../prjgcc/MUXlab4/lib\libMUXlab4p.a(DAC_HAL.MUXLAB4p.o)
 .PPC.EMB.apuinfo
                0x0004c31e       0x18 ../../prjgcc/MUXlab4/lib\libMUXlab4p.a(USB.MUXLAB4p.o)
 .PPC.EMB.apuinfo
                0x0004c336       0x18 ../../prjgcc/MUXlab4/lib\libMUXlab4p.a(CCP.MUXLAB4p.o)
 .PPC.EMB.apuinfo
                0x0004c34e       0x18 ../../prjgcc/MUXlab4/lib\libMUXlab4p.a(can.MUXLAB4p.o)
 .PPC.EMB.apuinfo
                0x0004c366       0x18 ../../prjgcc/MUXlab4/lib\libMUXlab4p.a(EMIOS.MUXLAB4p.o)
 .PPC.EMB.apuinfo
                0x0004c37e       0x18 ../../prjgcc/MUXlab4/lib\libMUXlab4p.a(etpu_util.MUXLAB4p.o)
 .PPC.EMB.apuinfo
                0x0004c396       0x18 ../../prjgcc/MUXlab4/lib\libMUXlab4p.a(GasSensor.MUXLAB4p.o)
 .PPC.EMB.apuinfo
                0x0004c3ae       0x18 C:/Program Files (x86)/Nsi/powerpc-eabispe/bin/../lib/gcc/powerpc-eabispe/3.4.4\libgcc.a(_umoddi3.o)
 .PPC.EMB.apuinfo
                0x0004c3c6       0x18 C:/Program Files (x86)/Nsi/powerpc-eabispe/bin/../lib/gcc/powerpc-eabispe/3.4.4\libgcc.a(_addsub_df.o)
 .PPC.EMB.apuinfo
                0x0004c3de       0x18 C:/Program Files (x86)/Nsi/powerpc-eabispe/bin/../lib/gcc/powerpc-eabispe/3.4.4\libgcc.a(_df_to_si.o)
 .PPC.EMB.apuinfo
                0x0004c3f6       0x18 C:/Program Files (x86)/Nsi/powerpc-eabispe/bin/../lib/gcc/powerpc-eabispe/3.4.4\libgcc.a(_df_to_sf.o)
 .PPC.EMB.apuinfo
                0x0004c40e       0x18 C:/Program Files (x86)/Nsi/powerpc-eabispe/bin/../lib/gcc/powerpc-eabispe/3.4.4\libgcc.a(_pack_df.o)
 .PPC.EMB.apuinfo
                0x0004c426       0x18 C:/Program Files (x86)/Nsi/powerpc-eabispe/bin/../lib/gcc/powerpc-eabispe/3.4.4\libgcc.a(_fpcmp_parts_df.o)
 .PPC.EMB.apuinfo
                0x0004c43e       0x18 C:/Program Files (x86)/Nsi/powerpc-eabispe/bin/../lib/gcc/powerpc-eabispe/3.4.4\libgcc.a(_pack_sf.o)

.isrvectbl      0x0004c800      0x5a4
 *(.isrvectbl)
 .isrvectbl     0x0004c800      0x5a4 ../../prjgcc/MUXlab4/lib\libMUXlab4p.a(IntcIsrVectors.MUXLAB4p.o)
                0x0004c800                IntcIsrVectorTable

.xcptn          0x0004cdb0       0xf0
 *(.xcptn)
 .xcptn         0x0004cdb0       0xf0 ../../prjgcc/MUXlab4/lib\libMUXlab4p.a(handlers.MUXLAB4p.o)
                0x0004cdb0                IVOR4Handler
 *(.eh_frame)
                0x0004cea0                etext = .
                0x0004cea0                _etext = .
                0x0004cea0                __etext = .
                0x0004cea0                NEXT_LOAD_ADDR = .
                0x0004cea0                __DATA_ROM = .

.PPC.EMB.sdata2
                0x40000000        0x0 load address 0x2001f000
                0x40000000                _SDA2_BASE_ = .
                0x40000000                __SDATA2_START__ = .
 *(.PPC.EMB.sdata2)
                0x2001f000                NEXT_LOAD_ADDR = (NEXT_LOAD_ADDR + SIZEOF (.PPC.EMB.sdata2))

.sdata2         0x40000000        0x0 load address 0x2001f000
 *(.sdata2)
 *(.sdata2.*)
                0x2001f000                NEXT_LOAD_ADDR = (NEXT_LOAD_ADDR + SIZEOF (.sdata2))

.PPC.EMB.sbss2  0x40000000        0x0 load address 0x2001f000
 *(.PPC.EMB.sbss2)
                0x2001f000                NEXT_LOAD_ADDR = (NEXT_LOAD_ADDR + SIZEOF (.PPC.EMB.sbss2))

.sbss2          0x40000000        0x0 load address 0x2001f000
 *(.sbss2)
                0x40000000                __SBSS2_END__ = .
                0x2001f000                NEXT_LOAD_ADDR = (NEXT_LOAD_ADDR + SIZEOF (.sbss2))

.data           0x40000000       0xb4 load address 0x2001f000
 *(.data)
 .data          0x40000000        0xc ./obj/MainTask.o
 .data          0x4000000c        0x1 ./obj/APP_DiagnosticsCAN.o
                0x4000000c                DiagnosticsCANId
 .data          0x4000000d        0x1 ./obj/APP_MainTask.o
                0x4000000d                MainTaskId
 *fill*         0x4000000e        0x2 00
 .data          0x40000010        0x4 ../../prjgcc/MUXlab4/lib\libMUXlab4p.a(CAN_J1939.MUXLAB4p.o)
                0x40000010                index_search
 .data          0x40000014       0x10 ../../prjgcc/MUXlab4/lib\libMUXlab4p.a(DAC_HAL.MUXLAB4p.o)
 .data          0x40000024       0x38 ../../prjgcc/MUXlab4/lib\libMUXlab4p.a(eTPU_HAL.MUXLAB4p.o)
                0x4000004c                cfgFreq100K
                0x40000024                my_etpu_config
 .data          0x4000005c       0x14 ../../prjgcc/MUXlab4/lib\libMUXlab4p.a(libMUXlab4.MUXLAB4p.o)
                0x40000060                fs_etpu_data_ram_end
                0x4000006c                eTPU
                0x4000005c                fs_etpu_data_ram_ext
                0x40000064                fs_etpu_data_ram_start
                0x40000068                fs_etpu_code_start
 .data          0x40000070        0x1 ../../prjgcc/MUXlab4/lib\libMUXlab4p.a(USB.MUXLAB4p.o)
                0x40000070                u08TxDebugTimeout
 *fill*         0x40000071        0x3 00
 .data          0x40000074       0x18 ../../prjgcc/MUXlab4/lib\libMUXlab4p.a(CCP.MUXLAB4p.o)
                0x40000080                DEBUT_RAM_SAUVEGARDE
                0x4000007c                FIN_RAM_SAUVEGARDE
                0x40000074                FIN_RAM_EXTERNE
                0x40000078                DEBUT_RAM_EXTERNE
                0x40000084                ccpStationId
 .data          0x4000008c       0x18 ../../prjgcc/MUXlab4/lib\libMUXlab4p.a(can.MUXLAB4p.o)
                0x4000008c                flexCanAddress
 .data          0x400000a4        0xc ../../prjgcc/MUXlab4/lib\libMUXlab4p.a(GasSensor.MUXLAB4p.o)
                0x400000aa                u16LastGas2Measurement
                0x400000a8                u16LastHumidMeasurement
                0x400000a6                u16LastTempMeasurement
                0x400000ac                u16LastGas1Measurement
                0x400000a4                u16LastDiagnosis
 .data          0x400000b0        0x4 C:/Program Files (x86)/Nsi/powerpc-eabispe/bin/../lib/gcc/powerpc-eabispe/3.4.4\libgcc.a(eabi.o)
 *(.data.*)
 *(.gnu.linkonce.d*)
                0x2001f0b4                NEXT_LOAD_ADDR = (NEXT_LOAD_ADDR + SIZEOF (.data))

.RAM_Code       0x400000b4        0x0 load address 0x2001f000
 *(.RAM_Code)
                0x2001f000                NEXT_LOAD_ADDR = (NEXT_LOAD_ADDR + SIZEOF (.RAM_Code))

.data1          0x400000b4        0x0 load address 0x2001f000
 *(.data1)
                0x2001f000                NEXT_LOAD_ADDR = (NEXT_LOAD_ADDR + SIZEOF (.data1))
                0x400000b4                PROVIDE (_GOT_START_, .)

.got            0x400000b4        0x0 load address 0x2001f000
 *(.got)
                0x2001f000                NEXT_LOAD_ADDR = (NEXT_LOAD_ADDR + SIZEOF (.got))

.got.plt        0x400000b4        0x0 load address 0x2001f000
 *(.got.plt)
                0x400000b4                PROVIDE (_GOT_END_, .)
                0x2001f000                NEXT_LOAD_ADDR = (NEXT_LOAD_ADDR + SIZEOF (.got.plt))

.got1           0x400000b4        0x0 load address 0x2001f000
 *(.got1)
                0x2001f000                NEXT_LOAD_ADDR = (NEXT_LOAD_ADDR + SIZEOF (.got1))
                0x400000b4                PROVIDE (_GOT2_START_, .)

.got2           0x400000b4       0x1c load address 0x2001f000
 *(.got2)
 .got2          0x400000b4       0x1c C:/Program Files (x86)/Nsi/powerpc-eabispe/bin/../lib/gcc/powerpc-eabispe/3.4.4\libgcc.a(eabi.o)
                0x2001f01c                NEXT_LOAD_ADDR = (NEXT_LOAD_ADDR + SIZEOF (.got2))
                0x400000d0                PROVIDE (__CTOR_LIST__, .)

.ctors          0x400000d0        0x0 load address 0x2001f000
 *(.ctors)
                0x2001f000                NEXT_LOAD_ADDR = (NEXT_LOAD_ADDR + SIZEOF (.ctors))
                0x400000d0                PROVIDE (__CTOR_END__, .)
                0x400000d0                PROVIDE (__DTOR_LIST__, .)

.dtors          0x400000d0        0x0 load address 0x2001f000
 *(.dtors)
                0x2001f000                NEXT_LOAD_ADDR = (NEXT_LOAD_ADDR + SIZEOF (.dtors))
                0x400000d0                PROVIDE (__DTOR_END__, .)
                0x400000d0                PROVIDE (_FIXUP_START_, .)

.fixup          0x400000d0        0x0 load address 0x2001f000
 *(.fixup)
                0x2001f000                NEXT_LOAD_ADDR = (NEXT_LOAD_ADDR + SIZEOF (.fixup))
                0x400000d0                PROVIDE (_FIXUP_END_, .)
                0x400000d0                PROVIDE (_GOT2_END_, .)

.dynamic        0x400000d0        0x0 load address 0x2001f000
 *(.dynamic)
                0x2001f000                NEXT_LOAD_ADDR = (NEXT_LOAD_ADDR + SIZEOF (.dynamic))

.plt            0x400000d0        0x0 load address 0x2001f000
 *(.plt)
                0x2001f000                NEXT_LOAD_ADDR = (NEXT_LOAD_ADDR + SIZEOF (.plt))
                0x400000d0                __SDATA_ROM = .

.sdata          0x400000d0        0x0 load address 0x2001f000
                0x400000d0                __SDATA_START__ = .
                0x400000d0                _SDA_BASE_ = .
 *(.sdata)
 *(.sdata.*)
                0x2001f000                NEXT_LOAD_ADDR = (NEXT_LOAD_ADDR + SIZEOF (.sdata))

.PPC.EMB.sdata0
                0x400000d0        0x0 load address 0x2001f000
                0x400000d0                __SDATA_END__ = .
                0x400000d0                __DATA_ROM_END = .
                0x400000d0                edata = .
                0x400000d0                _edata = .
                0x400000d0                __edata = .

.sbss           0x400000d0      0x122
                0x400000d0                PROVIDE (__sbss_start, .)
                0x400000d0                PROVIDE (___sbss_start, .)
 *(.sbss)
 .sbss          0x400000d0        0x5 ./obj/DiagnosticsCAN.o
                0x400000d0                SignalLentgh
                0x400000d1                Point_CRC_data
                0x400000d2                Point_CRC_data2
                0x400000d3                maskPWMUsedByModel
                0x400000d4                u08BypassPWMMask
 *fill*         0x400000d5        0x3 00
 .sbss          0x400000d8       0x24 ./obj/rt_nonfinite.o
                0x400000d8                rtNaNF
                0x400000dc                rtInfF
                0x400000e0                rtInf
                0x400000e8                rtNaN
                0x400000f0                rtMinusInf
                0x400000f8                rtMinusInfF
 .sbss          0x400000fc       0x1e ../../prjgcc/MUXlab4/lib\libMUXlab4p.a(CAN_J1939.MUXLAB4p.o)
                0x400000fc                num_packet
                0x40000100                packet_size
                0x40000104                J1939TP_BAMRX
                0x40000108                J1939TP_DTRX
                0x4000010c                TP_status
                0x40000110                J1939TP_DTRX2
                0x40000114                J1939TP_BAMRX2
                0x40000118                num_sequence
 *fill*         0x4000011a        0x2 00
 .sbss          0x4000011c        0x4 ../../prjgcc/MUXlab4/lib\libMUXlab4p.a(eTPU_HAL.MUXLAB4p.o)
                0x4000011c                fs_free_param
 .sbss          0x40000120        0x8 ../../prjgcc/MUXlab4/lib\libMUXlab4p.a(libMUXlab4.MUXLAB4p.o)
                0x40000120                hardVersion
                0x40000124                boardType
 .sbss          0x40000128        0x2 ../../prjgcc/MUXlab4/lib\libMUXlab4p.a(LIN_HAL.MUXLAB4p.o)
                0x40000128                u08NbScheduleTables
 *fill*         0x4000012a        0x2 00
 .sbss          0x4000012c       0x34 ../../prjgcc/MUXlab4/lib\libMUXlab4p.a(LIN.MUXLAB4p.o)
                0x4000012c                u32BreakLength
                0x40000134                u32THeaderMaxLength
                0x4000013c                u32THeaderTimeout
                0x40000144                u32BreakDetectionTreshold
                0x4000014c                u16BauderateSave
                0x40000150                breakDetectionState
                0x40000158                u32Tbit
 .sbss          0x40000160        0x9 ../../prjgcc/MUXlab4/lib\libMUXlab4p.a(SPI.MUXLAB4p.o)
                0x40000160                u16Max13036WordRegister
                0x40000168                u08CurrentMAX13036
 *fill*         0x40000169        0x3 00
 .sbss          0x4000016c       0x11 ../../prjgcc/MUXlab4/lib\libMUXlab4p.a(USB.MUXLAB4p.o)
                0x4000016c                currentMessageHeader
                0x40000172                u08TaskSendUSBErrorMsg
                0x40000173                USBPendingTaskActivated
                0x40000174                u08ChecksumTx
                0x40000175                u08TaskSendUSBPendingData
                0x40000178                USBState
                0x4000017c                u08TaskProcessUSBMsg
 *fill*         0x4000017d        0x3 00
 .sbss          0x40000180       0x18 ../../prjgcc/MUXlab4/lib\libMUXlab4p.a(CCP.MUXLAB4p.o)
                0x40000180                receive_buffer
                0x40000188                return_code
                0x4000018c                debug_buffer
                0x40000194                CCP_channel
 .sbss          0x40000198       0x21 ../../prjgcc/MUXlab4/lib\libMUXlab4p.a(can.MUXLAB4p.o)
                0x40000198                nbRxFramesUsedByModel
                0x400001a0                canErrSaveHS
                0x400001a8                nbTxFramesUsedByModel
                0x400001b0                canErrSaveLS
                0x400001b4                smartGwEnabled
 *fill*         0x400001b9        0x3 00
 .sbss          0x400001bc       0x2a ../../prjgcc/MUXlab4/lib\libMUXlab4p.a(GasSensor.MUXLAB4p.o)
                0x400001bc                u16ResolutionRegToWrite
                0x400001c0                pResolutionRegToRead
                0x400001c4                gasSensorState
                0x400001c8                pHwConfigRegToRead
                0x400001cc                u16HwConfigRegToWrite
                0x400001d0                pRhSetupRegToRead
                0x400001d4                u08HeatValue
                0x400001d8                pUserRegToRead
                0x400001dc                u16GasSetupRegToWrite
                0x400001de                u08GasTaskId
                0x400001df                u08CurrentReadAddress
                0x400001e0                pGasSetupRegToRead
                0x400001e4                u16RhSetupRegToWrite
 *fill*         0x400001e6        0x2 00
 .sbss          0x400001e8        0xa ../../prjgcc/MUXlab4/lib\libMUXlab4p.a(SoftSPI.MUXLAB4p.o)
                0x400001e8                u32SoftSpiShiftRegister
                0x400001ec                softSpiCurrentState
                0x400001f0                u08NbRemainingBits
                0x400001f1                continuousTransmission
 *(.sbss.*)
 *(.scommon)
 *(.dynsbss)

.PPC.EMB.sbss0  0x400001f4        0x0
 *(.PPC.EMB.sbss0)
                0x400001f4                PROVIDE (__sbss_end, .)
                0x400001f4                PROVIDE (___sbss_end, .)
                0x400001f4                PROVIDE (__SBSS_END__, .)

.bss            0x400001f4     0x8b00
                0x400001f4                PROVIDE (__bss_start, .)
                0x400001f4                PROVIDE (___bss_start, .)
 *(.dynbss)
 *(.bss)
 .bss           0x400001f4        0x4 ./obj/MainTask.o
 .bss           0x400001f8        0x1 ../../prjgcc/MUXlab4/lib\libMUXlab4p.a(CAN_HAL.MUXLAB4p.o)
 *fill*         0x400001f9        0x3 00
 .bss           0x400001fc       0x1c ../../prjgcc/MUXlab4/lib\libMUXlab4p.a(CAN_J1939.MUXLAB4p.o)
                0x400001fc                pFlexCANRX
 .bss           0x40000218       0x48 ../../prjgcc/MUXlab4/lib\libMUXlab4p.a(eTPU_HAL.MUXLAB4p.o)
                0x40000218                cfgFreq10K
 .bss           0x40000260       0x14 ../../prjgcc/MUXlab4/lib\libMUXlab4p.a(GPIO_HAL.MUXLAB4p.o)
 .bss           0x40000274        0x1 ../../prjgcc/MUXlab4/lib\libMUXlab4p.a(LIN_HAL.MUXLAB4p.o)
 *fill*         0x40000275        0x3 00
 .bss           0x40000278        0x8 ../../prjgcc/MUXlab4/lib\libMUXlab4p.a(LIN.MUXLAB4p.o)
 .bss           0x40000280        0xc ../../prjgcc/MUXlab4/lib\libMUXlab4p.a(OS_Core.MUXLAB4p.o)
                0x40000284                u32TickTimer
                0x40000280                u32Timer1us
 *fill*         0x4000028c        0x4 00
 .bss           0x40000290       0x10 ../../prjgcc/MUXlab4/lib\libMUXlab4p.a(USB.MUXLAB4p.o)
 .bss           0x400002a0        0x1 ../../prjgcc/MUXlab4/lib\libMUXlab4p.a(CCP.MUXLAB4p.o)
 *fill*         0x400002a1        0x3 00
 .bss           0x400002a4        0x4 ../../prjgcc/MUXlab4/lib\libMUXlab4p.a(can.MUXLAB4p.o)
 .bss           0x400002a8        0x1 ../../prjgcc/MUXlab4/lib\libMUXlab4p.a(fifoCan.MUXLAB4p.o)
 *fill*         0x400002a9        0x1 00
 .bss           0x400002aa        0xa ../../prjgcc/MUXlab4/lib\libMUXlab4p.a(GasSensor.MUXLAB4p.o)
                0x400002af                readCycleRequested
                0x400002ab                dvnError
                0x400002ae                writeCycleRequested
                0x400002ac                crcError
                0x400002ad                newGasMeasurementAvailable
                0x400002aa                onChipHeaterEnabled
                0x400002b0                u16UserRegToWrite
 .bss           0x400002b4        0x4 ../../prjgcc/MUXlab4/lib\libMUXlab4p.a(SoftSPI.MUXLAB4p.o)
                0x400002b4                callbackSoftSpi
 *(COMMON)
 COMMON         0x400002b8        0x9 ./obj/DiagnosticsCAN.o
                0x400002b8                DATA_CRC
 *fill*         0x400002c1        0x7 00
 COMMON         0x400002c8      0x46c ./obj/TBRe_Mod.o
                0x400002c8                TBRe_Mod_B
                0x40000440                TBRe_Mod_M_
                0x400006f8                TBRe_Mod_DW
 COMMON         0x40000734      0x820 ./obj/main.o
                0x40000734                objCan1BMS_Feedback_1
                0x40000754                sigCan2TxHC1_DemandsSignals
                0x40000778                sigCan1TxVCU_DiagnosticsSignals
                0x40000850                objCan2HS3_Temperature_Feedback
                0x40000870                objCan1VCU_Diagnostics
                0x40000890                sigCan1RxBMS_Feedback_2Signals
                0x400008cc                sigCan1TxVCU_IMD_StatusSignals
                0x400008f0                sigCan1TxVCU_Pedal_PercentagesSignals
                0x40000944                objCan1BMS_Feedback_2
                0x40000964                sigCan1TxVCU_HW_IOSignals
                0x400009dc                objCan2HC2_Demands
                0x400009fc                sigCan2RxHS1_Torque_FeedbackSignals
                0x40000a14                sigCan1RxBMS_Feedback_3Signals
                0x40000a5c                objCan1VCU_Torque
                0x40000a7c                sigCan1TxVCU_Pedal_VoltagesSignals
                0x40000aac                sigCan1RxSteeringWheelSensorSignals
                0x40000ab8                objCan2HS1_Torque_Feedback
                0x40000ad8                sigCan1RxBMS_Feedback_1Signals
                0x40000b08                objCan2HD4_Debug_Temperatures_B
                0x40000b28                objCan1Shutdown_Data
                0x40000b48                sigCan1TxVCU_TorqueSignals
                0x40000b6c                objCan2HC4_Debug_Demands
                0x40000b8c                objCan1SteeringWheelSensor
                0x40000bac                objCan2HS4_Fault_Info
                0x40000bcc                objCan2HC3_Battery_Demands
                0x40000bec                objCan1VCU_Vehicle_Functionality
                0x40000c0c                objCan1Front_Wheel_Speeds
                0x40000c2c                sigCan2TxHC3_Battery_DemandsSignals
                0x40000c50                sigCan2RxHD4_Debug_Temperatures_BSignals
                0x40000c5c                sigCan2TxHC4_Debug_DemandsSignals
                0x40000c74                objCan1AccelerometerY
                0x40000c94                sigCan2TxHC2_DemandsSignals
                0x40000cb8                sigCan1RxShutdown_DataSignals
                0x40000da8                sigCan1RxRear_Wheel_SpeedsSignals
                0x40000dcc                objCan1Rear_Wheel_Speeds
                0x40000dec                objCan1VCU_Pedal_Voltages
                0x40000e0c                sigCan1RxFront_Wheel_SpeedsSignals
                0x40000e30                sigCan2RxHS4_Fault_InfoSignals
                0x40000e48                objCan1VCU_Pedal_Percentages
                0x40000e68                objCan1VCU_IMD_Status
                0x40000e88                sigCan1TxVCU_Vehicle_FunctionalitySignals
                0x40000ed0                sigCan2RxHS3_Temperature_FeedbackSignals
                0x40000ee8                objCan1VCU_HW_IO
                0x40000f08                objCan2HC1_Demands
                0x40000f28                objCan1BMS_Feedback_3
                0x40000f48                sigCan1RxAccelerometerYSignals
 COMMON         0x40000f54      0x124 ../../prjgcc/MUXlab4/lib\libMUXlab4p.a(CAN_J1939.MUXLAB4p.o)
                0x40000f54                J1939TP_Table
                0x40000ff4                Table_PGN
 COMMON         0x40001078       0xc0 ../../prjgcc/MUXlab4/lib\libMUXlab4p.a(GPIO_HAL.MUXLAB4p.o)
                0x40001078                digInputs
 COMMON         0x40001138      0x320 ../../prjgcc/MUXlab4/lib\libMUXlab4p.a(LIN_HAL.MUXLAB4p.o)
                0x40001138                masterChannel
                0x40001158                pUncondFrames
                0x40001358                frameIDToEventID
                0x400013d8                pScheduleTables
 COMMON         0x40001458       0x58 ../../prjgcc/MUXlab4/lib\libMUXlab4p.a(LIN.MUXLAB4p.o)
                0x40001458                linStates
                0x40001468                LINChannelManagement
 COMMON         0x400014b0     0x3df8 ../../prjgcc/MUXlab4/lib\libMUXlab4p.a(OS_Core.MUXLAB4p.o)
                0x400014b0                OS_Scheduler
 COMMON         0x400052a8     0x1008 ../../prjgcc/MUXlab4/lib\libMUXlab4p.a(USB.MUXLAB4p.o)
                0x400052a8                USBFifoRX
                0x40005aac                USBFifoTX
 COMMON         0x400062b0      0x8a8 ../../prjgcc/MUXlab4/lib\libMUXlab4p.a(CCP.MUXLAB4p.o)
                0x400062b0                CRO_DAQ_object
                0x400062d0                DTO_object
                0x400062f0                DTO_object2
                0x40006310                CCP_DAQ_cnannels
                0x4000631c                CRO_object
                0x4000633c                ccp
 COMMON         0x40006b58       0xa0 ../../prjgcc/MUXlab4/lib\libMUXlab4p.a(ADC.MUXLAB4p.o)
                0x40006b58                u32AdcResult
 COMMON         0x40006bf8      0xcac ../../prjgcc/MUXlab4/lib\libMUXlab4p.a(can.MUXLAB4p.o)
                0x40006bf8                J1939_SA_FIELD
                0x40006d2e                bufferToGateway
                0x40006e64                smartGateways
                0x40006e8c                canStatistics
                0x40006ef0                bufferToEventID
                0x40007030                bufferToCanObj
                0x40007530                frameCheckSmartGw
                0x40007668                u32maskHighReservedMbRx
                0x4000767c                u32maskReservedMbTx
                0x40007690                u32maskLowReservedMbRx
                0x400076a4                gateways
 COMMON         0x400078a4     0x1450 ../../prjgcc/MUXlab4/lib\libMUXlab4p.a(fifoCan.MUXLAB4p.o)
                0x400078a4                fifoCanTx
                0x40008cf4                PROVIDE (__bss_end, .)
                0x40008cf4                _end = DEFINED (__heap_start)?__heap_start:ALIGN (0x4)
                0x40008cf4                PROVIDE (end, _end)
                0x40008cf4                PROVIDE (__end, _end)
                0x2001f000                NEXT_LOAD_ADDR = 0x2001f000

.networkConfigSavedRam
                0x2001f000        0x0
 *(.networkConfigSavedRam)
                0x2001f000                NEXT_LOAD_ADDR = (NEXT_LOAD_ADDR + SIZEOF (.networkConfigSavedRam))

.MacConfigSavedRam
 *(.MacConfigSavedRam)

.dataSavedRam   0x20000000       0xb8
 *(.dataSavedRam)
 .dataSavedRam  0x20000000       0x50 ./obj/FlashData.o
                0x2000001e                INV_DC_Link_Target
                0x20000011                Init_System_end
                0x20000032                LV_Low_Voltage_Warning
                0x2000003c                Throttle2_Low
                0x20000022                INV_Speed_Limit_Fwd
                0x20000018                INV_Regen_Torque_Limit
                0x20000030                MCUMotor_Temp_Warning
                0x20000008                Regen_Coast
                0x20000000                Brk2_OOR_Low
                0x2000002a                TC_P_Gain
                0x20000006                Brk1_OOR_High
                0x20000036                Green_TSAL1
                0x20000004                Brk1_OOR_Low
                0x2000000c                Motor_To_Road_Speed_Ratio
                0x20000010                Brake1_Pressure_Scaling
                0x2000004a                Brake1_High
                0x20000038                Green_TSAL2
                0x2000004c                Wheel_Size
                0x20000035                Max_Torque_Boost
                0x20000048                Brake2_High
                0x20000034                MCU_Ignition
                0x20000044                Throttle2_High
                0x20000026                Brake_Active_Threshold
                0x20000028                Max_Regen
                0x20000027                Throttle_Active_Threshold
                0x20000020                INV_Speed_limit_Rev
                0x2000002c                Target_Slip_Ratio
                0x20000046                Throttle1_High
                0x2000004d                Gearing_Ratio
                0x20000002                Brk2_OOR_High
                0x20000024                INV_Torque_limit
                0x2000003a                Max_Torque_Std
                0x2000003e                Throttle1_Low
                0x20000009                Brake2_Pressure_Scaling
                0x2000001c                INV_DC_Link_Regen_Imax
                0x20000029                MinTC_Torque
                0x20000040                Brake2_Low
                0x20000014                INV_Iq_debug
                0x20000016                INV_Id_Debug
                0x20000042                Brake1_Low
                0x20000012                Init_System_Start
                0x2000001a                INV_DC_Link_Discharge_Imax
 .dataSavedRam  0x20000050       0x68 ./obj/TBRe_Mod.o
                0x20000078                SOC_Calc_Data
                0x20000050                Voltage_Act_Breakpoint
                0x20000054                SOC_Calc_Breakpoint
                0x20000068                Voltage_Act_Data

.rela.dyn

.gcc_except_table
 *(.gcc_except_table)

.stab
 *(.stab)

.stabstr
 *(.stabstr)

.debug
 *(.debug)

.line
 *(.line)

.debug_srcinfo
 *(.debug_srcinfo)

.debug_sfnames
 *(.debug_sfnames)

.debug_aranges  0x00000000      0x948
 *(.debug_aranges)
 .debug_aranges
                0x00000000       0x20 ./obj/CAN_INIT.o
 .debug_aranges
                0x00000020       0x20 ./obj/CRCJ1850.o
 .debug_aranges
                0x00000040       0x20 ./obj/DiagnosticsCAN.o
 .debug_aranges
                0x00000060       0x20 ./obj/FlashData.o
 .debug_aranges
                0x00000080       0x20 ./obj/LIN_INIT.o
 .debug_aranges
                0x000000a0       0x20 ./obj/MainTask.o
 .debug_aranges
                0x000000c0       0x20 ./obj/TBRe_Mod.o
 .debug_aranges
                0x000000e0       0x20 ./obj/main.o
 .debug_aranges
                0x00000100       0x20 ./obj/rtGetInf.o
 .debug_aranges
                0x00000120       0x20 ./obj/rtGetNaN.o
 .debug_aranges
                0x00000140       0x20 ./obj/rt_nonfinite.o
 .debug_aranges
                0x00000160       0x20 ./obj/__start.o
 .debug_aranges
                0x00000180       0x28 ./obj/mpc5500_asmcfg.o
 .debug_aranges
                0x000001a8       0x20 ./obj/APP_DiagnosticsCAN.o
 .debug_aranges
                0x000001c8       0x20 ./obj/APP_MainTask.o
 .debug_aranges
                0x000001e8       0x20 ./obj/APP_Tasks.o
 .debug_aranges
                0x00000208       0x20 ../../prjgcc/MUXlab4/lib\libMUXlab4p.a(ADC_HAL.MUXLAB4p.o)
 .debug_aranges
                0x00000228       0x20 ../../prjgcc/MUXlab4/lib\libMUXlab4p.a(CAN_HAL.MUXLAB4p.o)
 .debug_aranges
                0x00000248       0x20 ../../prjgcc/MUXlab4/lib\libMUXlab4p.a(CAN_J1939.MUXLAB4p.o)
 .debug_aranges
                0x00000268       0x20 ../../prjgcc/MUXlab4/lib\libMUXlab4p.a(CCP_HAL.MUXLAB4p.o)
 .debug_aranges
                0x00000288       0x20 ../../prjgcc/MUXlab4/lib\libMUXlab4p.a(DAC_HAL.MUXLAB4p.o)
 .debug_aranges
                0x000002a8       0x20 ../../prjgcc/MUXlab4/lib\libMUXlab4p.a(eTPU_HAL.MUXLAB4p.o)
 .debug_aranges
                0x000002c8       0x20 ../../prjgcc/MUXlab4/lib\libMUXlab4p.a(GPIO_HAL.MUXLAB4p.o)
 .debug_aranges
                0x000002e8       0x20 ../../prjgcc/MUXlab4/lib\libMUXlab4p.a(libMUXlab4.MUXLAB4p.o)
 .debug_aranges
                0x00000308       0x20 ../../prjgcc/MUXlab4/lib\libMUXlab4p.a(LIN_HAL.MUXLAB4p.o)
 .debug_aranges
                0x00000328       0x20 ../../prjgcc/MUXlab4/lib\libMUXlab4p.a(wakeup_HAL.MUXLAB4p.o)
 .debug_aranges
                0x00000348       0x20 ../../prjgcc/MUXlab4/lib\libMUXlab4p.a(LIN.MUXLAB4p.o)
 .debug_aranges
                0x00000368       0x20 ../../prjgcc/MUXlab4/lib\libMUXlab4p.a(OS_Core.MUXLAB4p.o)
 .debug_aranges
                0x00000388       0x20 ../../prjgcc/MUXlab4/lib\libMUXlab4p.a(OS_TimeBase.MUXLAB4p.o)
 .debug_aranges
                0x000003a8       0x20 ../../prjgcc/MUXlab4/lib\libMUXlab4p.a(SPI.MUXLAB4p.o)
 .debug_aranges
                0x000003c8       0x20 ../../prjgcc/MUXlab4/lib\libMUXlab4p.a(IRQ.MUXLAB4p.o)
 .debug_aranges
                0x000003e8       0x20 ../../prjgcc/MUXlab4/lib\libMUXlab4p.a(mpc5500_ccdcfg.MUXLAB4p.o)
 .debug_aranges
                0x00000408       0x20 ../../prjgcc/MUXlab4/lib\libMUXlab4p.a(USB.MUXLAB4p.o)
 .debug_aranges
                0x00000428       0x20 ../../prjgcc/MUXlab4/lib\libMUXlab4p.a(handlers.MUXLAB4p.o)
 .debug_aranges
                0x00000448       0x20 ../../prjgcc/MUXlab4/lib\libMUXlab4p.a(tb.MUXLAB4p.o)
 .debug_aranges
                0x00000468       0x20 ../../prjgcc/MUXlab4/lib\libMUXlab4p.a(CCP.MUXLAB4p.o)
 .debug_aranges
                0x00000488       0x20 ../../prjgcc/MUXlab4/lib\libMUXlab4p.a(ADC.MUXLAB4p.o)
 .debug_aranges
                0x000004a8       0x20 ../../prjgcc/MUXlab4/lib\libMUXlab4p.a(can.MUXLAB4p.o)
 .debug_aranges
                0x000004c8       0x20 ../../prjgcc/MUXlab4/lib\libMUXlab4p.a(fifoCan.MUXLAB4p.o)
 .debug_aranges
                0x000004e8       0x20 ../../prjgcc/MUXlab4/lib\libMUXlab4p.a(EMIOS.MUXLAB4p.o)
 .debug_aranges
                0x00000508       0x20 ../../prjgcc/MUXlab4/lib\libMUXlab4p.a(etpu_util.MUXLAB4p.o)
 .debug_aranges
                0x00000528       0x20 ../../prjgcc/MUXlab4/lib\libMUXlab4p.a(etpu_fpm.MUXLAB4p.o)
 .debug_aranges
                0x00000548       0x20 ../../prjgcc/MUXlab4/lib\libMUXlab4p.a(etpu_pwm.MUXLAB4p.o)
 .debug_aranges
                0x00000568       0x20 ../../prjgcc/MUXlab4/lib\libMUXlab4p.a(etpu_ppa.MUXLAB4p.o)
 .debug_aranges
                0x00000588       0x20 ../../prjgcc/MUXlab4/lib\libMUXlab4p.a(flash.MUXLAB4p.o)
 .debug_aranges
                0x000005a8       0x20 ../../prjgcc/MUXlab4/lib\libMUXlab4p.a(GPIO.MUXLAB4p.o)
 .debug_aranges
                0x000005c8       0x20 ../../prjgcc/MUXlab4/lib\libMUXlab4p.a(IntcIsrVectors.MUXLAB4p.o)
 .debug_aranges
                0x000005e8       0x20 ../../prjgcc/MUXlab4/lib\libMUXlab4p.a(GasSensor.MUXLAB4p.o)
 .debug_aranges
                0x00000608       0x20 ../../prjgcc/MUXlab4/lib\libMUXlab4p.a(SoftSPI.MUXLAB4p.o)
 .debug_aranges
                0x00000628       0x20 C:/Program Files (x86)/Nsi/powerpc-eabispe/bin/../lib/gcc/powerpc-eabispe/3.4.4\libgcc.a(_fixunsdfsi.o)
 .debug_aranges
                0x00000648       0x20 C:/Program Files (x86)/Nsi/powerpc-eabispe/bin/../lib/gcc/powerpc-eabispe/3.4.4\libgcc.a(_udivdi3.o)
 .debug_aranges
                0x00000668       0x20 C:/Program Files (x86)/Nsi/powerpc-eabispe/bin/../lib/gcc/powerpc-eabispe/3.4.4\libgcc.a(_umoddi3.o)
 .debug_aranges
                0x00000688       0x20 C:/Program Files (x86)/Nsi/powerpc-eabispe/bin/../lib/gcc/powerpc-eabispe/3.4.4\libgcc.a(_sf_to_df.o)
 .debug_aranges
                0x000006a8       0x20 C:/Program Files (x86)/Nsi/powerpc-eabispe/bin/../lib/gcc/powerpc-eabispe/3.4.4\libgcc.a(_addsub_df.o)
 .debug_aranges
                0x000006c8       0x20 C:/Program Files (x86)/Nsi/powerpc-eabispe/bin/../lib/gcc/powerpc-eabispe/3.4.4\libgcc.a(_mul_df.o)
 .debug_aranges
                0x000006e8       0x20 C:/Program Files (x86)/Nsi/powerpc-eabispe/bin/../lib/gcc/powerpc-eabispe/3.4.4\libgcc.a(_div_df.o)
 .debug_aranges
                0x00000708       0x20 C:/Program Files (x86)/Nsi/powerpc-eabispe/bin/../lib/gcc/powerpc-eabispe/3.4.4\libgcc.a(_eq_df.o)
 .debug_aranges
                0x00000728       0x20 C:/Program Files (x86)/Nsi/powerpc-eabispe/bin/../lib/gcc/powerpc-eabispe/3.4.4\libgcc.a(_ne_df.o)
 .debug_aranges
                0x00000748       0x20 C:/Program Files (x86)/Nsi/powerpc-eabispe/bin/../lib/gcc/powerpc-eabispe/3.4.4\libgcc.a(_gt_df.o)
 .debug_aranges
                0x00000768       0x20 C:/Program Files (x86)/Nsi/powerpc-eabispe/bin/../lib/gcc/powerpc-eabispe/3.4.4\libgcc.a(_ge_df.o)
 .debug_aranges
                0x00000788       0x20 C:/Program Files (x86)/Nsi/powerpc-eabispe/bin/../lib/gcc/powerpc-eabispe/3.4.4\libgcc.a(_lt_df.o)
 .debug_aranges
                0x000007a8       0x20 C:/Program Files (x86)/Nsi/powerpc-eabispe/bin/../lib/gcc/powerpc-eabispe/3.4.4\libgcc.a(_si_to_df.o)
 .debug_aranges
                0x000007c8       0x20 C:/Program Files (x86)/Nsi/powerpc-eabispe/bin/../lib/gcc/powerpc-eabispe/3.4.4\libgcc.a(_df_to_si.o)
 .debug_aranges
                0x000007e8       0x20 C:/Program Files (x86)/Nsi/powerpc-eabispe/bin/../lib/gcc/powerpc-eabispe/3.4.4\libgcc.a(_make_df.o)
 .debug_aranges
                0x00000808       0x20 C:/Program Files (x86)/Nsi/powerpc-eabispe/bin/../lib/gcc/powerpc-eabispe/3.4.4\libgcc.a(_df_to_sf.o)
 .debug_aranges
                0x00000828       0x20 C:/Program Files (x86)/Nsi/powerpc-eabispe/bin/../lib/gcc/powerpc-eabispe/3.4.4\libgcc.a(eabi.o)
 .debug_aranges
                0x00000848       0x20 C:/Program Files (x86)/Nsi/powerpc-eabispe/bin/../lib/gcc/powerpc-eabispe/3.4.4\libgcc.a(_lshrdi3.o)
 .debug_aranges
                0x00000868       0x20 C:/Program Files (x86)/Nsi/powerpc-eabispe/bin/../lib/gcc/powerpc-eabispe/3.4.4\libgcc.a(_unpack_sf.o)
 .debug_aranges
                0x00000888       0x20 C:/Program Files (x86)/Nsi/powerpc-eabispe/bin/../lib/gcc/powerpc-eabispe/3.4.4\libgcc.a(_make_sf.o)
 .debug_aranges
                0x000008a8       0x20 C:/Program Files (x86)/Nsi/powerpc-eabispe/bin/../lib/gcc/powerpc-eabispe/3.4.4\libgcc.a(_pack_df.o)
 .debug_aranges
                0x000008c8       0x20 C:/Program Files (x86)/Nsi/powerpc-eabispe/bin/../lib/gcc/powerpc-eabispe/3.4.4\libgcc.a(_unpack_df.o)
 .debug_aranges
                0x000008e8       0x20 C:/Program Files (x86)/Nsi/powerpc-eabispe/bin/../lib/gcc/powerpc-eabispe/3.4.4\libgcc.a(_fpcmp_parts_df.o)
 .debug_aranges
                0x00000908       0x20 C:/Program Files (x86)/Nsi/powerpc-eabispe/bin/../lib/gcc/powerpc-eabispe/3.4.4\libgcc.a(_ashldi3.o)
 .debug_aranges
                0x00000928       0x20 C:/Program Files (x86)/Nsi/powerpc-eabispe/bin/../lib/gcc/powerpc-eabispe/3.4.4\libgcc.a(_pack_sf.o)

.debug_pubnames
                0x00000000     0x3c7f
 *(.debug_pubnames)
 .debug_pubnames
                0x00000000       0x1f ./obj/CAN_INIT.o
 .debug_pubnames
                0x0000001f       0x23 ./obj/CRCJ1850.o
 .debug_pubnames
                0x00000042       0xc7 ./obj/DiagnosticsCAN.o
 .debug_pubnames
                0x00000109      0x473 ./obj/FlashData.o
 .debug_pubnames
                0x0000057c       0x1f ./obj/LIN_INIT.o
 .debug_pubnames
                0x0000059b       0xdb ./obj/MainTask.o
 .debug_pubnames
                0x00000676      0x1e9 ./obj/TBRe_Mod.o
 .debug_pubnames
                0x0000085f       0xab ./obj/TBRe_Mod_data.o
 .debug_pubnames
                0x0000090a      0x5fe ./obj/main.o
 .debug_pubnames
                0x00000f08       0x52 ./obj/rtGetInf.o
 .debug_pubnames
                0x00000f5a       0x2d ./obj/rtGetNaN.o
 .debug_pubnames
                0x00000f87       0xa2 ./obj/rt_nonfinite.o
 .debug_pubnames
                0x00001029       0x3e ./obj/APP_DiagnosticsCAN.o
 .debug_pubnames
                0x00001067       0x32 ./obj/APP_MainTask.o
 .debug_pubnames
                0x00001099       0x56 ./obj/APP_Tasks.o
 .debug_pubnames
                0x000010ef       0x6a ../../prjgcc/MUXlab4/lib\libMUXlab4p.a(ADC_HAL.MUXLAB4p.o)
 .debug_pubnames
                0x00001159      0x1cd ../../prjgcc/MUXlab4/lib\libMUXlab4p.a(CAN_HAL.MUXLAB4p.o)
 .debug_pubnames
                0x00001326      0x1e4 ../../prjgcc/MUXlab4/lib\libMUXlab4p.a(CAN_J1939.MUXLAB4p.o)
 .debug_pubnames
                0x0000150a       0x1f ../../prjgcc/MUXlab4/lib\libMUXlab4p.a(CCP_HAL.MUXLAB4p.o)
 .debug_pubnames
                0x00001529       0x3d ../../prjgcc/MUXlab4/lib\libMUXlab4p.a(DAC_HAL.MUXLAB4p.o)
 .debug_pubnames
                0x00001566      0x127 ../../prjgcc/MUXlab4/lib\libMUXlab4p.a(eTPU_HAL.MUXLAB4p.o)
 .debug_pubnames
                0x0000168d      0x123 ../../prjgcc/MUXlab4/lib\libMUXlab4p.a(GPIO_HAL.MUXLAB4p.o)
 .debug_pubnames
                0x000017b0      0x12b ../../prjgcc/MUXlab4/lib\libMUXlab4p.a(libMUXlab4.MUXLAB4p.o)
 .debug_pubnames
                0x000018db      0x13a ../../prjgcc/MUXlab4/lib\libMUXlab4p.a(LIN_HAL.MUXLAB4p.o)
 .debug_pubnames
                0x00001a15       0x35 ../../prjgcc/MUXlab4/lib\libMUXlab4p.a(wakeup_HAL.MUXLAB4p.o)
 .debug_pubnames
                0x00001a4a      0x1fd ../../prjgcc/MUXlab4/lib\libMUXlab4p.a(LIN.MUXLAB4p.o)
 .debug_pubnames
                0x00001c47      0x1cf ../../prjgcc/MUXlab4/lib\libMUXlab4p.a(OS_Core.MUXLAB4p.o)
 .debug_pubnames
                0x00001e16       0x25 ../../prjgcc/MUXlab4/lib\libMUXlab4p.a(OS_TimeBase.MUXLAB4p.o)
 .debug_pubnames
                0x00001e3b       0xf9 ../../prjgcc/MUXlab4/lib\libMUXlab4p.a(SPI.MUXLAB4p.o)
 .debug_pubnames
                0x00001f34       0x37 ../../prjgcc/MUXlab4/lib\libMUXlab4p.a(IRQ.MUXLAB4p.o)
 .debug_pubnames
                0x00001f6b       0xc9 ../../prjgcc/MUXlab4/lib\libMUXlab4p.a(mpc5500_ccdcfg.MUXLAB4p.o)
 .debug_pubnames
                0x00002034      0x445 ../../prjgcc/MUXlab4/lib\libMUXlab4p.a(USB.MUXLAB4p.o)
 .debug_pubnames
                0x00002479      0x233 ../../prjgcc/MUXlab4/lib\libMUXlab4p.a(CCP.MUXLAB4p.o)
 .debug_pubnames
                0x000026ac       0x61 ../../prjgcc/MUXlab4/lib\libMUXlab4p.a(ADC.MUXLAB4p.o)
 .debug_pubnames
                0x0000270d      0x39b ../../prjgcc/MUXlab4/lib\libMUXlab4p.a(can.MUXLAB4p.o)
 .debug_pubnames
                0x00002aa8       0xa2 ../../prjgcc/MUXlab4/lib\libMUXlab4p.a(fifoCan.MUXLAB4p.o)
 .debug_pubnames
                0x00002b4a      0x10d ../../prjgcc/MUXlab4/lib\libMUXlab4p.a(EMIOS.MUXLAB4p.o)
 .debug_pubnames
                0x00002c57      0x5fe ../../prjgcc/MUXlab4/lib\libMUXlab4p.a(etpu_util.MUXLAB4p.o)
 .debug_pubnames
                0x00003255       0x7d ../../prjgcc/MUXlab4/lib\libMUXlab4p.a(etpu_fpm.MUXLAB4p.o)
 .debug_pubnames
                0x000032d2       0x87 ../../prjgcc/MUXlab4/lib\libMUXlab4p.a(etpu_pwm.MUXLAB4p.o)
 .debug_pubnames
                0x00003359       0x66 ../../prjgcc/MUXlab4/lib\libMUXlab4p.a(etpu_ppa.MUXLAB4p.o)
 .debug_pubnames
                0x000033bf       0x57 ../../prjgcc/MUXlab4/lib\libMUXlab4p.a(flash.MUXLAB4p.o)
 .debug_pubnames
                0x00003416       0x3f ../../prjgcc/MUXlab4/lib\libMUXlab4p.a(GPIO.MUXLAB4p.o)
 .debug_pubnames
                0x00003455       0x5f ../../prjgcc/MUXlab4/lib\libMUXlab4p.a(IntcIsrVectors.MUXLAB4p.o)
 .debug_pubnames
                0x000034b4      0x3a4 ../../prjgcc/MUXlab4/lib\libMUXlab4p.a(GasSensor.MUXLAB4p.o)
 .debug_pubnames
                0x00003858       0xf3 ../../prjgcc/MUXlab4/lib\libMUXlab4p.a(SoftSPI.MUXLAB4p.o)
 .debug_pubnames
                0x0000394b       0x23 C:/Program Files (x86)/Nsi/powerpc-eabispe/bin/../lib/gcc/powerpc-eabispe/3.4.4\libgcc.a(_fixunsdfsi.o)
 .debug_pubnames
                0x0000396e       0x20 C:/Program Files (x86)/Nsi/powerpc-eabispe/bin/../lib/gcc/powerpc-eabispe/3.4.4\libgcc.a(_udivdi3.o)
 .debug_pubnames
                0x0000398e       0x20 C:/Program Files (x86)/Nsi/powerpc-eabispe/bin/../lib/gcc/powerpc-eabispe/3.4.4\libgcc.a(_umoddi3.o)
 .debug_pubnames
                0x000039ae       0x24 C:/Program Files (x86)/Nsi/powerpc-eabispe/bin/../lib/gcc/powerpc-eabispe/3.4.4\libgcc.a(_sf_to_df.o)
 .debug_pubnames
                0x000039d2       0x2c C:/Program Files (x86)/Nsi/powerpc-eabispe/bin/../lib/gcc/powerpc-eabispe/3.4.4\libgcc.a(_addsub_df.o)
 .debug_pubnames
                0x000039fe       0x1f C:/Program Files (x86)/Nsi/powerpc-eabispe/bin/../lib/gcc/powerpc-eabispe/3.4.4\libgcc.a(_mul_df.o)
 .debug_pubnames
                0x00003a1d       0x1f C:/Program Files (x86)/Nsi/powerpc-eabispe/bin/../lib/gcc/powerpc-eabispe/3.4.4\libgcc.a(_div_df.o)
 .debug_pubnames
                0x00003a3c       0x1e C:/Program Files (x86)/Nsi/powerpc-eabispe/bin/../lib/gcc/powerpc-eabispe/3.4.4\libgcc.a(_eq_df.o)
 .debug_pubnames
                0x00003a5a       0x1e C:/Program Files (x86)/Nsi/powerpc-eabispe/bin/../lib/gcc/powerpc-eabispe/3.4.4\libgcc.a(_ne_df.o)
 .debug_pubnames
                0x00003a78       0x1e C:/Program Files (x86)/Nsi/powerpc-eabispe/bin/../lib/gcc/powerpc-eabispe/3.4.4\libgcc.a(_gt_df.o)
 .debug_pubnames
                0x00003a96       0x1e C:/Program Files (x86)/Nsi/powerpc-eabispe/bin/../lib/gcc/powerpc-eabispe/3.4.4\libgcc.a(_ge_df.o)
 .debug_pubnames
                0x00003ab4       0x1e C:/Program Files (x86)/Nsi/powerpc-eabispe/bin/../lib/gcc/powerpc-eabispe/3.4.4\libgcc.a(_lt_df.o)
 .debug_pubnames
                0x00003ad2       0x22 C:/Program Files (x86)/Nsi/powerpc-eabispe/bin/../lib/gcc/powerpc-eabispe/3.4.4\libgcc.a(_si_to_df.o)
 .debug_pubnames
                0x00003af4       0x20 C:/Program Files (x86)/Nsi/powerpc-eabispe/bin/../lib/gcc/powerpc-eabispe/3.4.4\libgcc.a(_df_to_si.o)
 .debug_pubnames
                0x00003b14       0x20 C:/Program Files (x86)/Nsi/powerpc-eabispe/bin/../lib/gcc/powerpc-eabispe/3.4.4\libgcc.a(_make_df.o)
 .debug_pubnames
                0x00003b34       0x23 C:/Program Files (x86)/Nsi/powerpc-eabispe/bin/../lib/gcc/powerpc-eabispe/3.4.4\libgcc.a(_df_to_sf.o)
 .debug_pubnames
                0x00003b57       0x22 C:/Program Files (x86)/Nsi/powerpc-eabispe/bin/../lib/gcc/powerpc-eabispe/3.4.4\libgcc.a(_thenan_df.o)
 .debug_pubnames
                0x00003b79       0x20 C:/Program Files (x86)/Nsi/powerpc-eabispe/bin/../lib/gcc/powerpc-eabispe/3.4.4\libgcc.a(_lshrdi3.o)
 .debug_pubnames
                0x00003b99       0x21 C:/Program Files (x86)/Nsi/powerpc-eabispe/bin/../lib/gcc/powerpc-eabispe/3.4.4\libgcc.a(_unpack_sf.o)
 .debug_pubnames
                0x00003bba       0x20 C:/Program Files (x86)/Nsi/powerpc-eabispe/bin/../lib/gcc/powerpc-eabispe/3.4.4\libgcc.a(_make_sf.o)
 .debug_pubnames
                0x00003bda       0x1f C:/Program Files (x86)/Nsi/powerpc-eabispe/bin/../lib/gcc/powerpc-eabispe/3.4.4\libgcc.a(_pack_df.o)
 .debug_pubnames
                0x00003bf9       0x21 C:/Program Files (x86)/Nsi/powerpc-eabispe/bin/../lib/gcc/powerpc-eabispe/3.4.4\libgcc.a(_unpack_df.o)
 .debug_pubnames
                0x00003c1a       0x26 C:/Program Files (x86)/Nsi/powerpc-eabispe/bin/../lib/gcc/powerpc-eabispe/3.4.4\libgcc.a(_fpcmp_parts_df.o)
 .debug_pubnames
                0x00003c40       0x20 C:/Program Files (x86)/Nsi/powerpc-eabispe/bin/../lib/gcc/powerpc-eabispe/3.4.4\libgcc.a(_ashldi3.o)
 .debug_pubnames
                0x00003c60       0x1f C:/Program Files (x86)/Nsi/powerpc-eabispe/bin/../lib/gcc/powerpc-eabispe/3.4.4\libgcc.a(_pack_sf.o)

.debug_info     0x00000000    0x2de0b
 *(.debug_info)
 .debug_info    0x00000000       0x7e ./obj/CAN_INIT.o
 .debug_info    0x0000007e      0x10f ./obj/CRCJ1850.o
 .debug_info    0x0000018d     0x11a7 ./obj/DiagnosticsCAN.o
 .debug_info    0x00001334     0x12c0 ./obj/FlashData.o
 .debug_info    0x000025f4      0x12a ./obj/LIN_INIT.o
 .debug_info    0x0000271e     0x188d ./obj/MainTask.o
 .debug_info    0x00003fab     0x4fc2 ./obj/TBRe_Mod.o
 .debug_info    0x00008f6d      0x1e0 ./obj/TBRe_Mod_data.o
 .debug_info    0x0000914d      0x62b ./obj/main.o
 .debug_info    0x00009778      0x3a6 ./obj/rtGetInf.o
 .debug_info    0x00009b1e      0x2cc ./obj/rtGetNaN.o
 .debug_info    0x00009dea      0x1fb ./obj/rt_nonfinite.o
 .debug_info    0x00009fe5       0x66 ./obj/__start.o
 .debug_info    0x0000a04b       0x65 ./obj/mpc5500_asmcfg.o
 .debug_info    0x0000a0b0       0xb7 ./obj/APP_DiagnosticsCAN.o
 .debug_info    0x0000a167       0xb7 ./obj/APP_MainTask.o
 .debug_info    0x0000a21e      0x126 ./obj/APP_Tasks.o
 .debug_info    0x0000a344      0x15f ../../prjgcc/MUXlab4/lib\libMUXlab4p.a(ADC_HAL.MUXLAB4p.o)
 .debug_info    0x0000a4a3     0x1e65 ../../prjgcc/MUXlab4/lib\libMUXlab4p.a(CAN_HAL.MUXLAB4p.o)
 .debug_info    0x0000c308     0x1b1b ../../prjgcc/MUXlab4/lib\libMUXlab4p.a(CAN_J1939.MUXLAB4p.o)
 .debug_info    0x0000de23      0x270 ../../prjgcc/MUXlab4/lib\libMUXlab4p.a(CCP_HAL.MUXLAB4p.o)
 .debug_info    0x0000e093      0x1c6 ../../prjgcc/MUXlab4/lib\libMUXlab4p.a(DAC_HAL.MUXLAB4p.o)
 .debug_info    0x0000e259      0x47a ../../prjgcc/MUXlab4/lib\libMUXlab4p.a(eTPU_HAL.MUXLAB4p.o)
 .debug_info    0x0000e6d3     0x185c ../../prjgcc/MUXlab4/lib\libMUXlab4p.a(GPIO_HAL.MUXLAB4p.o)
 .debug_info    0x0000ff2f      0x307 ../../prjgcc/MUXlab4/lib\libMUXlab4p.a(libMUXlab4.MUXLAB4p.o)
 .debug_info    0x00010236      0x865 ../../prjgcc/MUXlab4/lib\libMUXlab4p.a(LIN_HAL.MUXLAB4p.o)
 .debug_info    0x00010a9b      0x338 ../../prjgcc/MUXlab4/lib\libMUXlab4p.a(wakeup_HAL.MUXLAB4p.o)
 .debug_info    0x00010dd3      0xe9c ../../prjgcc/MUXlab4/lib\libMUXlab4p.a(LIN.MUXLAB4p.o)
 .debug_info    0x00011c6f      0x7f9 ../../prjgcc/MUXlab4/lib\libMUXlab4p.a(OS_Core.MUXLAB4p.o)
 .debug_info    0x00012468       0x78 ../../prjgcc/MUXlab4/lib\libMUXlab4p.a(OS_TimeBase.MUXLAB4p.o)
 .debug_info    0x000124e0      0xe70 ../../prjgcc/MUXlab4/lib\libMUXlab4p.a(SPI.MUXLAB4p.o)
 .debug_info    0x00013350       0xbe ../../prjgcc/MUXlab4/lib\libMUXlab4p.a(IRQ.MUXLAB4p.o)
 .debug_info    0x0001340e      0x45d ../../prjgcc/MUXlab4/lib\libMUXlab4p.a(mpc5500_ccdcfg.MUXLAB4p.o)
 .debug_info    0x0001386b     0x1976 ../../prjgcc/MUXlab4/lib\libMUXlab4p.a(USB.MUXLAB4p.o)
 .debug_info    0x000151e1       0x90 ../../prjgcc/MUXlab4/lib\libMUXlab4p.a(handlers.MUXLAB4p.o)
 .debug_info    0x00015271       0x88 ../../prjgcc/MUXlab4/lib\libMUXlab4p.a(tb.MUXLAB4p.o)
 .debug_info    0x000152f9      0xadf ../../prjgcc/MUXlab4/lib\libMUXlab4p.a(CCP.MUXLAB4p.o)
 .debug_info    0x00015dd8      0x293 ../../prjgcc/MUXlab4/lib\libMUXlab4p.a(ADC.MUXLAB4p.o)
 .debug_info    0x0001606b     0x2012 ../../prjgcc/MUXlab4/lib\libMUXlab4p.a(can.MUXLAB4p.o)
 .debug_info    0x0001807d     0x1553 ../../prjgcc/MUXlab4/lib\libMUXlab4p.a(fifoCan.MUXLAB4p.o)
 .debug_info    0x000195d0      0x22a ../../prjgcc/MUXlab4/lib\libMUXlab4p.a(EMIOS.MUXLAB4p.o)
 .debug_info    0x000197fa     0x4825 ../../prjgcc/MUXlab4/lib\libMUXlab4p.a(etpu_util.MUXLAB4p.o)
 .debug_info    0x0001e01f     0x3bb5 ../../prjgcc/MUXlab4/lib\libMUXlab4p.a(etpu_fpm.MUXLAB4p.o)
 .debug_info    0x00021bd4     0x3c10 ../../prjgcc/MUXlab4/lib\libMUXlab4p.a(etpu_pwm.MUXLAB4p.o)
 .debug_info    0x000257e4     0x3b6b ../../prjgcc/MUXlab4/lib\libMUXlab4p.a(etpu_ppa.MUXLAB4p.o)
 .debug_info    0x0002934f      0x1e7 ../../prjgcc/MUXlab4/lib\libMUXlab4p.a(flash.MUXLAB4p.o)
 .debug_info    0x00029536       0xf7 ../../prjgcc/MUXlab4/lib\libMUXlab4p.a(GPIO.MUXLAB4p.o)
 .debug_info    0x0002962d       0xee ../../prjgcc/MUXlab4/lib\libMUXlab4p.a(IntcIsrVectors.MUXLAB4p.o)
 .debug_info    0x0002971b      0x816 ../../prjgcc/MUXlab4/lib\libMUXlab4p.a(GasSensor.MUXLAB4p.o)
 .debug_info    0x00029f31      0x1e2 ../../prjgcc/MUXlab4/lib\libMUXlab4p.a(SoftSPI.MUXLAB4p.o)
 .debug_info    0x0002a113       0xba C:/Program Files (x86)/Nsi/powerpc-eabispe/bin/../lib/gcc/powerpc-eabispe/3.4.4\libgcc.a(_fixunsdfsi.o)
 .debug_info    0x0002a1cd      0x52e C:/Program Files (x86)/Nsi/powerpc-eabispe/bin/../lib/gcc/powerpc-eabispe/3.4.4\libgcc.a(_udivdi3.o)
 .debug_info    0x0002a6fb      0x533 C:/Program Files (x86)/Nsi/powerpc-eabispe/bin/../lib/gcc/powerpc-eabispe/3.4.4\libgcc.a(_umoddi3.o)
 .debug_info    0x0002ac2e      0x1f5 C:/Program Files (x86)/Nsi/powerpc-eabispe/bin/../lib/gcc/powerpc-eabispe/3.4.4\libgcc.a(_sf_to_df.o)
 .debug_info    0x0002ae23      0x40b C:/Program Files (x86)/Nsi/powerpc-eabispe/bin/../lib/gcc/powerpc-eabispe/3.4.4\libgcc.a(_addsub_df.o)
 .debug_info    0x0002b22e      0x444 C:/Program Files (x86)/Nsi/powerpc-eabispe/bin/../lib/gcc/powerpc-eabispe/3.4.4\libgcc.a(_mul_df.o)
 .debug_info    0x0002b672      0x344 C:/Program Files (x86)/Nsi/powerpc-eabispe/bin/../lib/gcc/powerpc-eabispe/3.4.4\libgcc.a(_div_df.o)
 .debug_info    0x0002b9b6      0x235 C:/Program Files (x86)/Nsi/powerpc-eabispe/bin/../lib/gcc/powerpc-eabispe/3.4.4\libgcc.a(_eq_df.o)
 .debug_info    0x0002bbeb      0x235 C:/Program Files (x86)/Nsi/powerpc-eabispe/bin/../lib/gcc/powerpc-eabispe/3.4.4\libgcc.a(_ne_df.o)
 .debug_info    0x0002be20      0x235 C:/Program Files (x86)/Nsi/powerpc-eabispe/bin/../lib/gcc/powerpc-eabispe/3.4.4\libgcc.a(_gt_df.o)
 .debug_info    0x0002c055      0x235 C:/Program Files (x86)/Nsi/powerpc-eabispe/bin/../lib/gcc/powerpc-eabispe/3.4.4\libgcc.a(_ge_df.o)
 .debug_info    0x0002c28a      0x235 C:/Program Files (x86)/Nsi/powerpc-eabispe/bin/../lib/gcc/powerpc-eabispe/3.4.4\libgcc.a(_lt_df.o)
 .debug_info    0x0002c4bf      0x1b9 C:/Program Files (x86)/Nsi/powerpc-eabispe/bin/../lib/gcc/powerpc-eabispe/3.4.4\libgcc.a(_si_to_df.o)
 .debug_info    0x0002c678      0x245 C:/Program Files (x86)/Nsi/powerpc-eabispe/bin/../lib/gcc/powerpc-eabispe/3.4.4\libgcc.a(_df_to_si.o)
 .debug_info    0x0002c8bd      0x1d2 C:/Program Files (x86)/Nsi/powerpc-eabispe/bin/../lib/gcc/powerpc-eabispe/3.4.4\libgcc.a(_make_df.o)
 .debug_info    0x0002ca8f      0x214 C:/Program Files (x86)/Nsi/powerpc-eabispe/bin/../lib/gcc/powerpc-eabispe/3.4.4\libgcc.a(_df_to_sf.o)
 .debug_info    0x0002cca3      0x164 C:/Program Files (x86)/Nsi/powerpc-eabispe/bin/../lib/gcc/powerpc-eabispe/3.4.4\libgcc.a(_thenan_df.o)
 .debug_info    0x0002ce07       0x54 C:/Program Files (x86)/Nsi/powerpc-eabispe/bin/../lib/gcc/powerpc-eabispe/3.4.4\libgcc.a(eabi.o)